Archive member included to satisfy reference by file (symbol)

app/libapp.a(main.c.obj)      (--whole-archive)
app/libapp.a(signalprocessing.c.obj)
                              (--whole-archive)
zephyr/libzephyr.a(heap.c.obj)
                              (--whole-archive)
zephyr/libzephyr.a(cbprintf_packaged.c.obj)
                              (--whole-archive)
zephyr/libzephyr.a(printk.c.obj)
                              (--whole-archive)
zephyr/libzephyr.a(sem.c.obj)
                              (--whole-archive)
zephyr/libzephyr.a(thread_entry.c.obj)
                              (--whole-archive)
zephyr/libzephyr.a(cbprintf_complete.c.obj)
                              (--whole-archive)
zephyr/libzephyr.a(assert.c.obj)
                              (--whole-archive)
zephyr/libzephyr.a(dec.c.obj)
                              (--whole-archive)
zephyr/libzephyr.a(hex.c.obj)
                              (--whole-archive)
zephyr/libzephyr.a(rb.c.obj)  (--whole-archive)
zephyr/libzephyr.a(timeutil.c.obj)
                              (--whole-archive)
zephyr/libzephyr.a(bitarray.c.obj)
                              (--whole-archive)
zephyr/libzephyr.a(onoff.c.obj)
                              (--whole-archive)
zephyr/libzephyr.a(notify.c.obj)
                              (--whole-archive)
zephyr/libzephyr.a(last_section_id.c.obj)
                              (--whole-archive)
zephyr/libzephyr.a(configs.c.obj)
                              (--whole-archive)
zephyr/libzephyr.a(mem_attr.c.obj)
                              (--whole-archive)
zephyr/libzephyr.a(tracing_none.c.obj)
                              (--whole-archive)
zephyr/libzephyr.a(banner.c.obj)
                              (--whole-archive)
zephyr/libzephyr.a(flash_map_partition_manager.c.obj)
                              (--whole-archive)
zephyr/arch/common/libarch__common.a(sw_isr_common.c.obj)
                              (--whole-archive)
zephyr/arch/arch/arm/core/libarch__arm__core.a(fatal.c.obj)
                              (--whole-archive)
zephyr/arch/arch/arm/core/libarch__arm__core.a(nmi.c.obj)
                              (--whole-archive)
zephyr/arch/arch/arm/core/libarch__arm__core.a(nmi_on_reset.S.obj)
                              (--whole-archive)
zephyr/arch/arch/arm/core/libarch__arm__core.a(tls.c.obj)
                              (--whole-archive)
zephyr/arch/arch/arm/core/cortex_m/libarch__arm__core__cortex_m.a(exc_exit.c.obj)
                              (--whole-archive)
zephyr/arch/arch/arm/core/cortex_m/libarch__arm__core__cortex_m.a(fault.c.obj)
                              (--whole-archive)
zephyr/arch/arch/arm/core/cortex_m/libarch__arm__core__cortex_m.a(fault_s.S.obj)
                              (--whole-archive)
zephyr/arch/arch/arm/core/cortex_m/libarch__arm__core__cortex_m.a(fpu.c.obj)
                              (--whole-archive)
zephyr/arch/arch/arm/core/cortex_m/libarch__arm__core__cortex_m.a(reset.S.obj)
                              (--whole-archive)
zephyr/arch/arch/arm/core/cortex_m/libarch__arm__core__cortex_m.a(scb.c.obj)
                              (--whole-archive)
zephyr/arch/arch/arm/core/cortex_m/libarch__arm__core__cortex_m.a(thread_abort.c.obj)
                              (--whole-archive)
zephyr/arch/arch/arm/core/cortex_m/libarch__arm__core__cortex_m.a(vector_table.S.obj)
                              (--whole-archive)
zephyr/arch/arch/arm/core/cortex_m/libarch__arm__core__cortex_m.a(swap_helper.S.obj)
                              (--whole-archive)
zephyr/arch/arch/arm/core/cortex_m/libarch__arm__core__cortex_m.a(irq_manage.c.obj)
                              (--whole-archive)
zephyr/arch/arch/arm/core/cortex_m/libarch__arm__core__cortex_m.a(prep_c.c.obj)
                              (--whole-archive)
zephyr/arch/arch/arm/core/cortex_m/libarch__arm__core__cortex_m.a(thread.c.obj)
                              (--whole-archive)
zephyr/arch/arch/arm/core/cortex_m/libarch__arm__core__cortex_m.a(cpu_idle.c.obj)
                              (--whole-archive)
zephyr/arch/arch/arm/core/cortex_m/libarch__arm__core__cortex_m.a(irq_init.c.obj)
                              (--whole-archive)
zephyr/arch/arch/arm/core/cortex_m/libarch__arm__core__cortex_m.a(isr_wrapper.c.obj)
                              (--whole-archive)
zephyr/arch/arch/arm/core/cortex_m/libarch__arm__core__cortex_m.a(__aeabi_read_tp.S.obj)
                              (--whole-archive)
zephyr/arch/arch/arm/core/mpu/libarch__arm__core__mpu.a(arm_core_mpu.c.obj)
                              (--whole-archive)
zephyr/arch/arch/arm/core/mpu/libarch__arm__core__mpu.a(arm_mpu.c.obj)
                              (--whole-archive)
zephyr/arch/arch/arm/core/mpu/libarch__arm__core__mpu.a(arm_mpu_regions.c.obj)
                              (--whole-archive)
zephyr/lib/libc/picolibc/liblib__libc__picolibc.a(assert.c.obj)
                              (--whole-archive)
[...]
Memory Configuration

Name             Origin             Length             Attributes
FLASH            0x0000000000000000 0x0000000000080000 xr
RAM              0x0000000020000000 0x0000000000020000 xw
IDT_LIST         0x00000000ffff7fff 0x0000000000008000 xw
*default*        0x0000000000000000 0xffffffffffffffff

Linker script and memory map

                0x0000000000004a40                vfprintf = __l_vfprintf
                0x0000000000000000                vfscanf = __l_vfscanf
LOAD zephyr/CMakeFiles/zephyr_pre0.dir/misc/empty_file.c.obj
LOAD zephyr/CMakeFiles/offsets.dir/./arch/arm/core/offsets/offsets.c.obj
LOAD app/libapp.a
LOAD zephyr/libzephyr.a
LOAD zephyr/arch/common/libarch__common.a
LOAD zephyr/arch/arch/arm/core/libarch__arm__core.a
LOAD zephyr/arch/arch/arm/core/cortex_m/libarch__arm__core__cortex_m.a
LOAD zephyr/arch/arch/arm/core/mpu/libarch__arm__core__mpu.a
LOAD zephyr/lib/libc/picolibc/liblib__libc__picolibc.a
LOAD zephyr/lib/libc/common/liblib__libc__common.a
LOAD zephyr/soc/soc/nrf52833/libsoc__nordic.a
LOAD zephyr/drivers/clock_control/libdrivers__clock_control.a
LOAD zephyr/drivers/console/libdrivers__console.a
LOAD zephyr/drivers/gpio/libdrivers__gpio.a
LOAD zephyr/drivers/i2c/libdrivers__i2c.a
LOAD zephyr/drivers/pinctrl/libdrivers__pinctrl.a
LOAD zephyr/drivers/serial/libdrivers__serial.a
LOAD zephyr/drivers/timer/libdrivers__timer.a
LOAD modules/hal_nordic/modules/hal_nordic/nrfx/libmodules__hal_nordic__nrfx.a
LOAD modules/segger/libmodules__segger.a
LOAD zephyr/kernel/libkernel.a
LOAD zephyr/arch/common/libisr_tables.a
LOAD /opt/nordic/ncs/toolchains/ef4fc6722e/opt/zephyr-sdk/arm-zephyr-eabi/bin/../lib/gcc/../../picolibc/arm-zephyr-eabi/lib/thumb/v7e-m/nofp/libc.a
LOAD /opt/nordic/ncs/toolchains/ef4fc6722e/opt/zephyr-sdk/arm-zephyr-eabi/bin/../lib/gcc/arm-zephyr-eabi/12.2.0/thumb/v7e-m/nofp/libgcc.a
                0x0000000000000020                _region_min_align = 0x20

.rel.plt        0x0000000000000000        0x0
 *(SORT_BY_ALIGNMENT(.rel.plt))
                [!provide]                        PROVIDE (__rel_iplt_start = .)
 *(SORT_BY_ALIGNMENT(.rel.iplt))
 .rel.iplt      0x0000000000000000        0x0 app/libapp.a(main.c.obj)
                [!provide]                        PROVIDE (__rel_iplt_end = .)

.rela.plt       0x0000000000000000        0x0
 *(SORT_BY_ALIGNMENT(.rela.plt))
                [!provide]                        PROVIDE (__rela_iplt_start = .)
 *(SORT_BY_ALIGNMENT(.rela.iplt))
                [!provide]                        PROVIDE (__rela_iplt_end = .)

.rel.dyn
 *(SORT_BY_ALIGNMENT(.rel.*))

.rela.dyn
 *(SORT_BY_ALIGNMENT(.rela.*))

/DISCARD/
 *(SORT_BY_ALIGNMENT(.plt))

/DISCARD/
 *(SORT_BY_ALIGNMENT(.iplt))
                0x0000000000000000                __rom_region_start = 0x0

rom_start       0x0000000000000000      0x100
                0x0000000000000000                __rom_start_address = .
 FILL mask 0x00
                0x0000000000000000                . = (. + (0x0 - (. - __rom_start_address)))
                0x0000000000000000                . = ALIGN (0x4)
                0x0000000000000000                . = ALIGN (0x80)
                0x0000000000000000                . = ALIGN (0x100)
                0x0000000000000000                _vector_start = .
 *(SORT_BY_ALIGNMENT(.exc_vector_table))
 *(SORT_BY_ALIGNMENT(.exc_vector_table.*))
 .exc_vector_table._vector_table_section
                0x0000000000000000       0x40 zephyr/arch/arch/arm/core/cortex_m/libarch__arm__core__cortex_m.a(vector_table.S.obj)
                0x0000000000000000                _vector_table
 *(SORT_BY_ALIGNMENT(.vectors))
                0x0000000000000100                _vector_end = .
                0x0000000000000040                . = ALIGN (0x4)
 *(SORT_BY_ALIGNMENT(.gnu.linkonce.irq_vector_table*))
 .gnu.linkonce.irq_vector_table
                0x0000000000000040       0xc0 zephyr/arch/common/libisr_tables.a(isr_tables.c.obj)
                0x0000000000000040                _irq_vector_table
                0x0000000000000100                _vector_end = .

text            0x0000000000000100     0x5e30
                0x0000000000000100                __text_region_start = .
 *(SORT_BY_ALIGNMENT(.text))
 .text          0x0000000000000100      0x168 /opt/nordic/ncs/toolchains/ef4fc6722e/opt/zephyr-sdk/arm-zephyr-eabi/bin/../lib/gcc/arm-zephyr-eabi/12.2.0/thumb/v7e-m/nofp/libgcc.a(_arm_mulsf3.o)
                0x0000000000000100                __mulsf3
                0x0000000000000100                __aeabi_fmul
 .text          0x0000000000000268      0x378 /opt/nordic/ncs/toolchains/ef4fc6722e/opt/zephyr-sdk/arm-zephyr-eabi/bin/../lib/gcc/arm-zephyr-eabi/12.2.0/thumb/v7e-m/nofp/libgcc.a(_arm_addsubdf3.o)
                0x0000000000000268                __aeabi_drsub
                0x0000000000000270                __subdf3
                0x0000000000000270                __aeabi_dsub
                0x0000000000000274                __aeabi_dadd
                0x0000000000000274                __adddf3
                0x00000000000004ec                __aeabi_ui2d
                0x00000000000004ec                __floatunsidf
                0x000000000000050c                __floatsidf
                0x000000000000050c                __aeabi_i2d
                0x0000000000000530                __extendsfdf2
                0x0000000000000530                __aeabi_f2d
                0x0000000000000574                __aeabi_ul2d
                0x0000000000000574                __floatundidf
                0x0000000000000584                __aeabi_l2d
                0x0000000000000584                __floatdidf
 .text          0x00000000000005e0      0x424 /opt/nordic/ncs/toolchains/ef4fc6722e/opt/zephyr-sdk/arm-zephyr-eabi/bin/../lib/gcc/arm-zephyr-eabi/12.2.0/thumb/v7e-m/nofp/libgcc.a(_arm_muldivdf3.o)
                0x00000000000005e0                __aeabi_dmul
                0x00000000000005e0                __muldf3
                0x0000000000000834                __aeabi_ddiv
                0x0000000000000834                __divdf3
 .text          0x0000000000000a04       0xa0 /opt/nordic/ncs/toolchains/ef4fc6722e/opt/zephyr-sdk/arm-zephyr-eabi/bin/../lib/gcc/arm-zephyr-eabi/12.2.0/thumb/v7e-m/nofp/libgcc.a(_arm_truncdfsf2.o)
                0x0000000000000a04                __aeabi_d2f
                0x0000000000000a04                __truncdfsf2
 .text          0x0000000000000aa4      0x21c /opt/nordic/ncs/toolchains/ef4fc6722e/opt/zephyr-sdk/arm-zephyr-eabi/bin/../lib/gcc/arm-zephyr-eabi/12.2.0/thumb/v7e-m/nofp/libgcc.a(_arm_addsubsf3.o)
                0x0000000000000aa4                __aeabi_frsub
                0x0000000000000aac                __aeabi_fsub
                0x0000000000000aac                __subsf3
                0x0000000000000ab0                __aeabi_fadd
                0x0000000000000ab0                __addsf3
                0x0000000000000c10                __aeabi_ui2f
                0x0000000000000c10                __floatunsisf
                0x0000000000000c18                __floatsisf
                0x0000000000000c18                __aeabi_i2f
                0x0000000000000c34                __aeabi_ul2f
                0x0000000000000c34                __floatundisf
                0x0000000000000c44                __aeabi_l2f
                0x0000000000000c44                __floatdisf
 .text          0x0000000000000cc0       0xec /opt/nordic/ncs/toolchains/ef4fc6722e/opt/zephyr-sdk/arm-zephyr-eabi/bin/../lib/gcc/arm-zephyr-eabi/12.2.0/thumb/v7e-m/nofp/libgcc.a(_arm_cmpsf2.o)
                0x0000000000000cc0                __gesf2
                0x0000000000000cc0                __gtsf2
                0x0000000000000cc8                __ltsf2
                0x0000000000000cc8                __lesf2
                0x0000000000000cd0                __nesf2
                0x0000000000000cd0                __eqsf2
                0x0000000000000cd0                __cmpsf2
                0x0000000000000d30                __aeabi_cfrcmple
                0x0000000000000d38                __aeabi_cfcmpeq
                0x0000000000000d38                __aeabi_cfcmple
                0x0000000000000d48                __aeabi_fcmpeq
                0x0000000000000d5c                __aeabi_fcmplt
                0x0000000000000d70                __aeabi_fcmple
                0x0000000000000d84                __aeabi_fcmpge
                0x0000000000000d98                __aeabi_fcmpgt
 *(SORT_BY_ALIGNMENT(.text.*))
 .text.i2c_write_dt.constprop.0.isra.0
                0x0000000000000dac       0x30 app/libapp.a(main.c.obj)
 .text.main     0x0000000000000ddc      0x1a8 app/libapp.a(main.c.obj)
                0x0000000000000ddc                main
 .text.condenser
                0x0000000000000f84       0x68 app/libapp.a(signalprocessing.c.obj)
                0x0000000000000f84                condenser
 .text.char_out
                0x0000000000000fec        0xc zephyr/libzephyr.a(printk.c.obj)
 .text.__printk_hook_install
                0x0000000000000ff8        0xc zephyr/libzephyr.a(printk.c.obj)
                0x0000000000000ff8                __printk_hook_install
 .text.vprintk  0x0000000000001004       0x30 zephyr/libzephyr.a(printk.c.obj)
                0x0000000000001004                vprintk
 .text.z_thread_entry
                0x0000000000001034       0x34 zephyr/libzephyr.a(thread_entry.c.obj)
                0x0000000000001034                z_thread_entry
 .text.process_event
                0x0000000000001068      0x21c zephyr/libzephyr.a(onoff.c.obj)
 .text.mem_attr_get_regions
                0x0000000000001284        0xc zephyr/libzephyr.a(mem_attr.c.obj)
                0x0000000000001284                mem_attr_get_regions
 .text.boot_banner
                0x0000000000001290       0x1c zephyr/libzephyr.a(banner.c.obj)
                0x0000000000001290                boot_banner
 .text.z_SysNmiOnReset
                0x00000000000012ac        0x8 zephyr/arch/arch/arm/core/libarch__arm__core.a(nmi_on_reset.S.obj)
                0x00000000000012ac                z_SysNmiOnReset
 .text.arch_tls_stack_setup
                0x00000000000012b4       0x40 zephyr/arch/arch/arm/core/libarch__arm__core.a(tls.c.obj)
                0x00000000000012b4                arch_tls_stack_setup
 .text._HandlerModeExit
                0x00000000000012f4       0x28 zephyr/arch/arch/arm/core/cortex_m/libarch__arm__core__cortex_m.a(exc_exit.c.obj)
                0x00000000000012f4                z_arm_exc_exit
                0x00000000000012f4                z_arm_int_exit
 .text.mem_manage_fault
                0x000000000000131c       0xa0 zephyr/arch/arch/arm/core/cortex_m/libarch__arm__core__cortex_m.a(fault.c.obj)
 .text.usage_fault.constprop.0
                0x00000000000013bc       0x54 zephyr/arch/arch/arm/core/cortex_m/libarch__arm__core__cortex_m.a(fault.c.obj)
 .text.bus_fault.constprop.0
                0x0000000000001410       0x6c zephyr/arch/arch/arm/core/cortex_m/libarch__arm__core__cortex_m.a(fault.c.obj)
 .text.z_arm_fault
                0x000000000000147c      0x128 zephyr/arch/arch/arm/core/cortex_m/libarch__arm__core__cortex_m.a(fault.c.obj)
                0x000000000000147c                z_arm_fault
 .text.z_arm_fault_init
                0x00000000000015a4       0x18 zephyr/arch/arch/arm/core/cortex_m/libarch__arm__core__cortex_m.a(fault.c.obj)
                0x00000000000015a4                z_arm_fault_init
 .text.__fault  0x00000000000015bc       0x14 zephyr/arch/arch/arm/core/cortex_m/libarch__arm__core__cortex_m.a(fault_s.S.obj)
                0x00000000000015bc                z_arm_bus_fault
                0x00000000000015bc                z_arm_usage_fault
                0x00000000000015bc                z_arm_mpu_fault
                0x00000000000015bc                z_arm_exc_spurious
                0x00000000000015bc                z_arm_debug_monitor
                0x00000000000015bc                z_arm_hard_fault
 .text._reset_section
                0x00000000000015d0       0x54 zephyr/arch/arch/arm/core/cortex_m/libarch__arm__core__cortex_m.a(reset.S.obj)
                0x00000000000015d0                z_arm_reset
                0x00000000000015d0                __start
 .text.z_arm_clear_arm_mpu_config
                0x0000000000001624       0x24 zephyr/arch/arch/arm/core/cortex_m/libarch__arm__core__cortex_m.a(scb.c.obj)
                0x0000000000001624                z_arm_clear_arm_mpu_config
 .text.z_arm_init_arch_hw_at_boot
                0x0000000000001648       0x64 zephyr/arch/arch/arm/core/cortex_m/libarch__arm__core__cortex_m.a(scb.c.obj)
                0x0000000000001648                z_arm_init_arch_hw_at_boot
 .text.z_impl_k_thread_abort
                0x00000000000016ac       0x2c zephyr/arch/arch/arm/core/cortex_m/libarch__arm__core__cortex_m.a(thread_abort.c.obj)
                0x00000000000016ac                z_impl_k_thread_abort
 .text.z_arm_pendsv
                0x00000000000016d8       0x64 zephyr/arch/arch/arm/core/cortex_m/libarch__arm__core__cortex_m.a(swap_helper.S.obj)
                0x00000000000016d8                z_arm_pendsv
 .text.z_arm_svc
                0x000000000000173c       0x24 zephyr/arch/arch/arm/core/cortex_m/libarch__arm__core__cortex_m.a(swap_helper.S.obj)
                0x000000000000173c                z_arm_svc
 .text.arch_irq_enable
                0x0000000000001760       0x1c zephyr/arch/arch/arm/core/cortex_m/libarch__arm__core__cortex_m.a(irq_manage.c.obj)
                0x0000000000001760                arch_irq_enable
 .text.arch_irq_is_enabled
                0x000000000000177c       0x1c zephyr/arch/arch/arm/core/cortex_m/libarch__arm__core__cortex_m.a(irq_manage.c.obj)
                0x000000000000177c                arch_irq_is_enabled
 .text.z_arm_irq_priority_set
                0x0000000000001798       0x30 zephyr/arch/arch/arm/core/cortex_m/libarch__arm__core__cortex_m.a(irq_manage.c.obj)
                0x0000000000001798                z_arm_irq_priority_set
 .text.z_prep_c
                0x00000000000017c8       0x38 zephyr/arch/arch/arm/core/cortex_m/libarch__arm__core__cortex_m.a(prep_c.c.obj)
                0x00000000000017c8                z_prep_c
 .text.arch_new_thread
                0x0000000000001800       0x38 zephyr/arch/arch/arm/core/cortex_m/libarch__arm__core__cortex_m.a(thread.c.obj)
                0x0000000000001800                arch_new_thread
 .text.z_check_thread_stack_fail
                0x0000000000001838       0x2c zephyr/arch/arch/arm/core/cortex_m/libarch__arm__core__cortex_m.a(thread.c.obj)
                0x0000000000001838                z_check_thread_stack_fail
 .text.arch_switch_to_main_thread
                0x0000000000001864       0x3c zephyr/arch/arch/arm/core/cortex_m/libarch__arm__core__cortex_m.a(thread.c.obj)
                0x0000000000001864                arch_switch_to_main_thread
 .text.z_arm_cpu_idle_init
                0x00000000000018a0        0xc zephyr/arch/arch/arm/core/cortex_m/libarch__arm__core__cortex_m.a(cpu_idle.c.obj)
                0x00000000000018a0                z_arm_cpu_idle_init
 .text.z_arm_interrupt_init
                0x00000000000018ac       0x18 zephyr/arch/arch/arm/core/cortex_m/libarch__arm__core__cortex_m.a(irq_init.c.obj)
                0x00000000000018ac                z_arm_interrupt_init
 .text._isr_wrapper
                0x00000000000018c4       0x24 zephyr/arch/arch/arm/core/cortex_m/libarch__arm__core__cortex_m.a(isr_wrapper.c.obj)
                0x00000000000018c4                _isr_wrapper
 .text.z_arm_configure_static_mpu_regions
                0x00000000000018e8       0x18 zephyr/arch/arch/arm/core/mpu/libarch__arm__core__mpu.a(arm_core_mpu.c.obj)
                0x00000000000018e8                z_arm_configure_static_mpu_regions
 .text.z_arm_configure_dynamic_mpu_regions
                0x0000000000001900       0x20 zephyr/arch/arch/arm/core/mpu/libarch__arm__core__mpu.a(arm_core_mpu.c.obj)
                0x0000000000001900                z_arm_configure_dynamic_mpu_regions
 .text.region_init
                0x0000000000001920       0x28 zephyr/arch/arch/arm/core/mpu/libarch__arm__core__mpu.a(arm_mpu.c.obj)
 .text.mpu_configure_regions
                0x0000000000001948       0x6c zephyr/arch/arch/arm/core/mpu/libarch__arm__core__mpu.a(arm_mpu.c.obj)
 .text.arm_core_mpu_enable
                0x00000000000019b4       0x18 zephyr/arch/arch/arm/core/mpu/libarch__arm__core__mpu.a(arm_mpu.c.obj)
                0x00000000000019b4                arm_core_mpu_enable
 .text.arm_core_mpu_disable
                0x00000000000019cc       0x14 zephyr/arch/arch/arm/core/mpu/libarch__arm__core__mpu.a(arm_mpu.c.obj)
                0x00000000000019cc                arm_core_mpu_disable
 .text.arm_core_mpu_configure_static_mpu_regions
                0x00000000000019e0       0x14 zephyr/arch/arch/arm/core/mpu/libarch__arm__core__mpu.a(arm_mpu.c.obj)
                0x00000000000019e0                arm_core_mpu_configure_static_mpu_regions
 .text.arm_core_mpu_configure_dynamic_mpu_regions
                0x00000000000019f4       0x38 zephyr/arch/arch/arm/core/mpu/libarch__arm__core__mpu.a(arm_mpu.c.obj)
                0x00000000000019f4                arm_core_mpu_configure_dynamic_mpu_regions
 .text.z_arm_mpu_init
                0x0000000000001a2c      0x168 zephyr/arch/arch/arm/core/mpu/libarch__arm__core__mpu.a(arm_mpu.c.obj)
                0x0000000000001a2c                z_arm_mpu_init
 .text.z_impl_zephyr_fputc
                0x0000000000001b94       0x10 zephyr/lib/libc/picolibc/liblib__libc__picolibc.a(stdio.c.obj)
                0x0000000000001b94                z_impl_zephyr_fputc
 .text.__stdout_hook_install
                0x0000000000001ba4       0x18 zephyr/lib/libc/picolibc/liblib__libc__picolibc.a(stdio.c.obj)
                0x0000000000001ba4                __stdout_hook_install
 .text.malloc_prepare
                0x0000000000001bbc       0x24 zephyr/lib/libc/common/liblib__libc__common.a(malloc.c.obj)
 .text.nordicsemi_nrf52_init
                0x0000000000001be0       0x18 zephyr/soc/soc/nrf52833/libsoc__nordic.a(soc.c.obj)
 .text.arch_busy_wait
                0x0000000000001bf8       0x14 zephyr/soc/soc/nrf52833/libsoc__nordic.a(soc.c.obj)
                0x0000000000001bf8                arch_busy_wait
 .text.onoff_stop
                0x0000000000001c0c       0x30 zephyr/drivers/clock_control/libdrivers__clock_control.a(clock_control_nrf.c.obj)
 .text.onoff_start
                0x0000000000001c3c       0x44 zephyr/drivers/clock_control/libdrivers__clock_control.a(clock_control_nrf.c.obj)
 .text.generic_hfclk_stop
                0x0000000000001c80       0x34 zephyr/drivers/clock_control/libdrivers__clock_control.a(clock_control_nrf.c.obj)
 .text.clk_init
                0x0000000000001cb4       0x58 zephyr/drivers/clock_control/libdrivers__clock_control.a(clock_control_nrf.c.obj)
 .text.api_blocking_start
                0x0000000000001d0c       0x34 zephyr/drivers/clock_control/libdrivers__clock_control.a(clock_control_nrf.c.obj)
 .text.clkstarted_handle.constprop.0
                0x0000000000001d40       0x4c zephyr/drivers/clock_control/libdrivers__clock_control.a(clock_control_nrf.c.obj)
 .text.generic_hfclk_start
                0x0000000000001d8c       0x78 zephyr/drivers/clock_control/libdrivers__clock_control.a(clock_control_nrf.c.obj)
 .text.clock_event_handler
                0x0000000000001e04       0x1c zephyr/drivers/clock_control/libdrivers__clock_control.a(clock_control_nrf.c.obj)
 .text.z_nrf_clock_control_lf_on
                0x0000000000001e20       0xfc zephyr/drivers/clock_control/libdrivers__clock_control.a(clock_control_nrf.c.obj)
                0x0000000000001e20                z_nrf_clock_control_lf_on
 .text.uart_console_init
                0x0000000000001f1c       0x28 zephyr/drivers/console/libdrivers__console.a(uart_console.c.obj)
 .text.console_out
                0x0000000000001f44       0x28 zephyr/drivers/console/libdrivers__console.a(uart_console.c.obj)
 .text.gpio_nrfx_pin_interrupt_configure
                0x0000000000001f6c      0x100 zephyr/drivers/gpio/libdrivers__gpio.a(gpio_nrfx.c.obj)
 .text.gpio_nrfx_init
                0x000000000000206c       0x48 zephyr/drivers/gpio/libdrivers__gpio.a(gpio_nrfx.c.obj)
 .text.nrfx_gpio_handler
                0x00000000000020b4       0x4c zephyr/drivers/gpio/libdrivers__gpio.a(gpio_nrfx.c.obj)
 .text.gpio_nrfx_pin_configure
                0x0000000000002100      0x18c zephyr/drivers/gpio/libdrivers__gpio.a(gpio_nrfx.c.obj)
 .text.event_handler
                0x000000000000228c       0x38 zephyr/drivers/i2c/libdrivers__i2c.a(i2c_nrfx_twi.c.obj)
 .text.i2c_nrfx_twi_transfer
                0x00000000000022c4       0xc0 zephyr/drivers/i2c/libdrivers__i2c.a(i2c_nrfx_twi.c.obj)
 .text.i2c_nrfx_twi_init
                0x0000000000002384       0x24 zephyr/drivers/i2c/libdrivers__i2c.a(i2c_nrfx_twi_common.c.obj)
                0x0000000000002384                i2c_nrfx_twi_init
 .text.i2c_nrfx_twi_recover_bus
                0x00000000000023a8       0x24 zephyr/drivers/i2c/libdrivers__i2c.a(i2c_nrfx_twi_common.c.obj)
                0x00000000000023a8                i2c_nrfx_twi_recover_bus
 .text.i2c_nrfx_twi_msg_transfer
                0x00000000000023cc       0x7c zephyr/drivers/i2c/libdrivers__i2c.a(i2c_nrfx_twi_common.c.obj)
                0x00000000000023cc                i2c_nrfx_twi_msg_transfer
 .text.nrf_gpio_pin_port_decode
                0x0000000000002448       0x20 zephyr/drivers/pinctrl/libdrivers__pinctrl.a(pinctrl_nrf.c.obj)
 .text.pinctrl_configure_pins
                0x0000000000002468      0x170 zephyr/drivers/pinctrl/libdrivers__pinctrl.a(pinctrl_nrf.c.obj)
                0x0000000000002468                pinctrl_configure_pins
 .text.uarte_nrfx_poll_out
                0x00000000000025d8       0xb4 zephyr/drivers/serial/libdrivers__serial.a(uart_nrfx_uarte.c.obj)
 .text.uarte_0_init
                0x000000000000268c      0x10c zephyr/drivers/serial/libdrivers__serial.a(uart_nrfx_uarte.c.obj)
 .text.compare_int_lock
                0x0000000000002798       0x48 zephyr/drivers/timer/libdrivers__timer.a(nrf_rtc_timer.c.obj)
 .text.sys_clock_timeout_handler
                0x00000000000027e0       0x48 zephyr/drivers/timer/libdrivers__timer.a(nrf_rtc_timer.c.obj)
 .text.compare_int_unlock
                0x0000000000002828       0x5c zephyr/drivers/timer/libdrivers__timer.a(nrf_rtc_timer.c.obj)
 .text.z_nrf_rtc_timer_read
                0x0000000000002884       0x44 zephyr/drivers/timer/libdrivers__timer.a(nrf_rtc_timer.c.obj)
                0x0000000000002884                z_nrf_rtc_timer_read
 .text.compare_set
                0x00000000000028c8      0x130 zephyr/drivers/timer/libdrivers__timer.a(nrf_rtc_timer.c.obj)
 .text.sys_clock_driver_init
                0x00000000000029f8       0x90 zephyr/drivers/timer/libdrivers__timer.a(nrf_rtc_timer.c.obj)
 .text.rtc_nrf_isr
                0x0000000000002a88       0xd4 zephyr/drivers/timer/libdrivers__timer.a(nrf_rtc_timer.c.obj)
                0x0000000000002a88                rtc_nrf_isr
 .text.sys_clock_set_timeout
                0x0000000000002b5c       0x5c zephyr/drivers/timer/libdrivers__timer.a(nrf_rtc_timer.c.obj)
                0x0000000000002b5c                sys_clock_set_timeout
 .text.sys_clock_elapsed
                0x0000000000002bb8       0x14 zephyr/drivers/timer/libdrivers__timer.a(nrf_rtc_timer.c.obj)
                0x0000000000002bb8                sys_clock_elapsed
 .text.nvmc_wait
                0x0000000000002bcc       0x10 modules/hal_nordic/modules/hal_nordic/nrfx/libmodules__hal_nordic__nrfx.a(system_nrf52833.c.obj)
                0x0000000000002bcc                nvmc_wait
 .text.SystemInit
                0x0000000000002bdc      0x14c modules/hal_nordic/modules/hal_nordic/nrfx/libmodules__hal_nordic__nrfx.a(system_nrf52833.c.obj)
                0x0000000000002bdc                SystemInit
 .text.nrfx_flag32_alloc
                0x0000000000002d28       0x48 modules/hal_nordic/modules/hal_nordic/nrfx/libmodules__hal_nordic__nrfx.a(nrfx_flag32_allocator.c.obj)
                0x0000000000002d28                nrfx_flag32_alloc
 .text.nrfx_flag32_free
                0x0000000000002d70       0x40 modules/hal_nordic/modules/hal_nordic/nrfx/libmodules__hal_nordic__nrfx.a(nrfx_flag32_allocator.c.obj)
                0x0000000000002d70                nrfx_flag32_free
 .text.nrfx_gppi_channels_enable
                0x0000000000002db0        0xc modules/hal_nordic/modules/hal_nordic/nrfx/libmodules__hal_nordic__nrfx.a(nrfx_gppi_ppi.c.obj)
                0x0000000000002db0                nrfx_gppi_channels_enable
 .text.nrfx_clock_init
                0x0000000000002dbc       0x20 modules/hal_nordic/modules/hal_nordic/nrfx/libmodules__hal_nordic__nrfx.a(nrfx_clock.c.obj)
                0x0000000000002dbc                nrfx_clock_init
 .text.nrfx_clock_enable
                0x0000000000002ddc       0x24 modules/hal_nordic/modules/hal_nordic/nrfx/libmodules__hal_nordic__nrfx.a(nrfx_clock.c.obj)
                0x0000000000002ddc                nrfx_clock_enable
 .text.nrfx_clock_start
                0x0000000000002e00       0xa8 modules/hal_nordic/modules/hal_nordic/nrfx/libmodules__hal_nordic__nrfx.a(nrfx_clock.c.obj)
                0x0000000000002e00                nrfx_clock_start
 .text.nrfx_power_clock_irq_handler
                0x0000000000002ea8       0x6c modules/hal_nordic/modules/hal_nordic/nrfx/libmodules__hal_nordic__nrfx.a(nrfx_clock.c.obj)
                0x0000000000002ea8                nrfx_power_clock_irq_handler
 .text.nrf_gpio_pin_port_decode
                0x0000000000002f14       0x20 modules/hal_nordic/modules/hal_nordic/nrfx/libmodules__hal_nordic__nrfx.a(nrfx_gpiote.c.obj)
 .text.get_pin_idx
                0x0000000000002f34       0x14 modules/hal_nordic/modules/hal_nordic/nrfx/libmodules__hal_nordic__nrfx.a(nrfx_gpiote.c.obj)
 .text.call_handler.constprop.0
                0x0000000000002f48       0x40 modules/hal_nordic/modules/hal_nordic/nrfx/libmodules__hal_nordic__nrfx.a(nrfx_gpiote.c.obj)
 .text.pin_te_get.constprop.0
                0x0000000000002f88       0x18 modules/hal_nordic/modules/hal_nordic/nrfx/libmodules__hal_nordic__nrfx.a(nrfx_gpiote.c.obj)
 .text.pin_is_output.constprop.0
                0x0000000000002fa0       0x18 modules/hal_nordic/modules/hal_nordic/nrfx/libmodules__hal_nordic__nrfx.a(nrfx_gpiote.c.obj)
 .text.pin_in_use_by_te.constprop.0
                0x0000000000002fb8       0x18 modules/hal_nordic/modules/hal_nordic/nrfx/libmodules__hal_nordic__nrfx.a(nrfx_gpiote.c.obj)
 .text.latch_pending_read_and_check
                0x0000000000002fd0       0x40 modules/hal_nordic/modules/hal_nordic/nrfx/libmodules__hal_nordic__nrfx.a(nrfx_gpiote.c.obj)
 .text.release_handler.isra.0
                0x0000000000003010       0x58 modules/hal_nordic/modules/hal_nordic/nrfx/libmodules__hal_nordic__nrfx.a(nrfx_gpiote.c.obj)
 .text.__nrfy_internal_gpiote_events_process.constprop.0
                0x0000000000003068       0x5c modules/hal_nordic/modules/hal_nordic/nrfx/libmodules__hal_nordic__nrfx.a(nrfx_gpiote.c.obj)
 .text.pin_uninit
                0x00000000000030c4       0x80 modules/hal_nordic/modules/hal_nordic/nrfx/libmodules__hal_nordic__nrfx.a(nrfx_gpiote.c.obj)
 .text.nrfx_gpiote_input_configure
                0x0000000000003144      0x174 modules/hal_nordic/modules/hal_nordic/nrfx/libmodules__hal_nordic__nrfx.a(nrfx_gpiote.c.obj)
                0x0000000000003144                nrfx_gpiote_input_configure
 .text.nrfx_gpiote_output_configure
                0x00000000000032b8       0xfc modules/hal_nordic/modules/hal_nordic/nrfx/libmodules__hal_nordic__nrfx.a(nrfx_gpiote.c.obj)
                0x00000000000032b8                nrfx_gpiote_output_configure
 .text.nrfx_gpiote_global_callback_set
                0x00000000000033b4        0xc modules/hal_nordic/modules/hal_nordic/nrfx/libmodules__hal_nordic__nrfx.a(nrfx_gpiote.c.obj)
                0x00000000000033b4                nrfx_gpiote_global_callback_set
 .text.nrfx_gpiote_channel_get
                0x00000000000033c0       0x34 modules/hal_nordic/modules/hal_nordic/nrfx/libmodules__hal_nordic__nrfx.a(nrfx_gpiote.c.obj)
                0x00000000000033c0                nrfx_gpiote_channel_get
 .text.nrfx_gpiote_init
                0x00000000000033f4       0x68 modules/hal_nordic/modules/hal_nordic/nrfx/libmodules__hal_nordic__nrfx.a(nrfx_gpiote.c.obj)
                0x00000000000033f4                nrfx_gpiote_init
 .text.nrfx_gpiote_init_check
                0x000000000000345c       0x14 modules/hal_nordic/modules/hal_nordic/nrfx/libmodules__hal_nordic__nrfx.a(nrfx_gpiote.c.obj)
                0x000000000000345c                nrfx_gpiote_init_check
 .text.nrfx_gpiote_channel_free
                0x0000000000003470        0xc modules/hal_nordic/modules/hal_nordic/nrfx/libmodules__hal_nordic__nrfx.a(nrfx_gpiote.c.obj)
                0x0000000000003470                nrfx_gpiote_channel_free
 .text.nrfx_gpiote_channel_alloc
                0x000000000000347c        0xc modules/hal_nordic/modules/hal_nordic/nrfx/libmodules__hal_nordic__nrfx.a(nrfx_gpiote.c.obj)
                0x000000000000347c                nrfx_gpiote_channel_alloc
 .text.nrfx_gpiote_trigger_enable
                0x0000000000003488       0xb0 modules/hal_nordic/modules/hal_nordic/nrfx/libmodules__hal_nordic__nrfx.a(nrfx_gpiote.c.obj)
                0x0000000000003488                nrfx_gpiote_trigger_enable
 .text.nrfx_gpiote_0_irq_handler
                0x0000000000003538      0x1bc modules/hal_nordic/modules/hal_nordic/nrfx/libmodules__hal_nordic__nrfx.a(nrfx_gpiote.c.obj)
                0x0000000000003538                nrfx_gpiote_0_irq_handler
 .text.nrfx_ppi_channel_alloc
                0x00000000000036f4        0xc modules/hal_nordic/modules/hal_nordic/nrfx/libmodules__hal_nordic__nrfx.a(nrfx_ppi.c.obj)
                0x00000000000036f4                nrfx_ppi_channel_alloc
 .text.nrf_gpio_cfg.constprop.0
                0x0000000000003700       0x48 modules/hal_nordic/modules/hal_nordic/nrfx/libmodules__hal_nordic__nrfx.a(nrfx_twi.c.obj)
 .text.twi_configure
                0x0000000000003748       0x3c modules/hal_nordic/modules/hal_nordic/nrfx/libmodules__hal_nordic__nrfx.a(nrfx_twi.c.obj)
 .text.twi_tx_start_transfer
                0x0000000000003784      0x104 modules/hal_nordic/modules/hal_nordic/nrfx/libmodules__hal_nordic__nrfx.a(nrfx_twi.c.obj)
 .text.twi_rx_start_transfer
                0x0000000000003888       0xe4 modules/hal_nordic/modules/hal_nordic/nrfx/libmodules__hal_nordic__nrfx.a(nrfx_twi.c.obj)
 .text.nrfx_twi_init
                0x000000000000396c       0x88 modules/hal_nordic/modules/hal_nordic/nrfx/libmodules__hal_nordic__nrfx.a(nrfx_twi.c.obj)
                0x000000000000396c                nrfx_twi_init
 .text.nrfx_twi_enable
                0x00000000000039f4       0x20 modules/hal_nordic/modules/hal_nordic/nrfx/libmodules__hal_nordic__nrfx.a(nrfx_twi.c.obj)
                0x00000000000039f4                nrfx_twi_enable
 .text.nrfx_twi_disable
                0x0000000000003a14       0x38 modules/hal_nordic/modules/hal_nordic/nrfx/libmodules__hal_nordic__nrfx.a(nrfx_twi.c.obj)
                0x0000000000003a14                nrfx_twi_disable
 .text.nrfx_twi_xfer
                0x0000000000003a4c       0xdc modules/hal_nordic/modules/hal_nordic/nrfx/libmodules__hal_nordic__nrfx.a(nrfx_twi.c.obj)
                0x0000000000003a4c                nrfx_twi_xfer
 .text.nrfx_twi_0_irq_handler
                0x0000000000003b28       0xd8 modules/hal_nordic/modules/hal_nordic/nrfx/libmodules__hal_nordic__nrfx.a(nrfx_twi.c.obj)
                0x0000000000003b28                nrfx_twi_0_irq_handler
 .text.nrf_gpio_pin_port_decode
                0x0000000000003c00       0x20 modules/hal_nordic/modules/hal_nordic/nrfx/libmodules__hal_nordic__nrfx.a(nrfx_twi_twim.c.obj)
 .text.nrfx_twi_twim_bus_recover
                0x0000000000003c20       0xdc modules/hal_nordic/modules/hal_nordic/nrfx/libmodules__hal_nordic__nrfx.a(nrfx_twi_twim.c.obj)
                0x0000000000003c20                nrfx_twi_twim_bus_recover
 .text._DoInit  0x0000000000003cfc       0x68 modules/segger/libmodules__segger.a(SEGGER_RTT.c.obj)
 .text.SEGGER_RTT_Init
                0x0000000000003d64       0x3c modules/segger/libmodules__segger.a(SEGGER_RTT.c.obj)
                0x0000000000003d64                SEGGER_RTT_Init
 .text.z_fatal_error
                0x0000000000003da0       0x30 zephyr/kernel/libkernel.a(fatal.c.obj)
                0x0000000000003da0                z_fatal_error
 .text.z_sys_init_run_level
                0x0000000000003dd0       0x2c zephyr/kernel/libkernel.a(init.c.obj)
 .text.bg_thread_main
                0x0000000000003dfc       0xc4 zephyr/kernel/libkernel.a(init.c.obj)
 .text.z_bss_zero
                0x0000000000003ec0       0x18 zephyr/kernel/libkernel.a(init.c.obj)
                0x0000000000003ec0                z_bss_zero
 .text.z_init_cpu
                0x0000000000003ed8       0x70 zephyr/kernel/libkernel.a(init.c.obj)
                0x0000000000003ed8                z_init_cpu
 .text.z_cstart
                0x0000000000003f48       0xdc zephyr/kernel/libkernel.a(init.c.obj)
                0x0000000000003f48                z_cstart
 .text.z_impl_k_sem_give
                0x0000000000004024       0x68 zephyr/kernel/libkernel.a(sem.c.obj)
                0x0000000000004024                z_impl_k_sem_give
 .text.z_impl_k_sem_take
                0x000000000000408c       0x4c zephyr/kernel/libkernel.a(sem.c.obj)
                0x000000000000408c                z_impl_k_sem_take
 .text.z_setup_new_thread
                0x00000000000040d8       0x98 zephyr/kernel/libkernel.a(thread.c.obj)
                0x00000000000040d8                z_setup_new_thread
 .text.z_swap_irqlock
                0x0000000000004170       0x30 zephyr/kernel/libkernel.a(sched.c.obj)
 .text.ready_thread
                0x00000000000041a0       0x90 zephyr/kernel/libkernel.a(sched.c.obj)
 .text.unready_thread
                0x0000000000004230       0x54 zephyr/kernel/libkernel.a(sched.c.obj)
 .text.move_thread_to_end_of_prio_q
                0x0000000000004284       0x90 zephyr/kernel/libkernel.a(sched.c.obj)
                0x0000000000004284                move_thread_to_end_of_prio_q
 .text.z_pend_curr
                0x0000000000004314       0x58 zephyr/kernel/libkernel.a(sched.c.obj)
                0x0000000000004314                z_pend_curr
 .text.z_reschedule
                0x000000000000436c       0x24 zephyr/kernel/libkernel.a(sched.c.obj)
                0x000000000000436c                z_reschedule
 .text.z_reschedule_irqlock
                0x0000000000004390       0x28 zephyr/kernel/libkernel.a(sched.c.obj)
                0x0000000000004390                z_reschedule_irqlock
 .text.k_sched_lock
                0x00000000000043b8       0x28 zephyr/kernel/libkernel.a(sched.c.obj)
                0x00000000000043b8                k_sched_lock
 .text.k_sched_unlock
                0x00000000000043e0       0x68 zephyr/kernel/libkernel.a(sched.c.obj)
                0x00000000000043e0                k_sched_unlock
 .text.z_sched_init
                0x0000000000004448       0x10 zephyr/kernel/libkernel.a(sched.c.obj)
                0x0000000000004448                z_sched_init
 .text.z_impl_k_yield
                0x0000000000004458       0x88 zephyr/kernel/libkernel.a(sched.c.obj)
                0x0000000000004458                z_impl_k_yield
 .text.z_tick_sleep
                0x00000000000044e0       0x80 zephyr/kernel/libkernel.a(sched.c.obj)
 .text.z_impl_k_wakeup
                0x0000000000004560       0x4c zephyr/kernel/libkernel.a(sched.c.obj)
                0x0000000000004560                z_impl_k_wakeup
 .text.z_impl_k_sched_current_thread_query
                0x00000000000045ac        0xc zephyr/kernel/libkernel.a(sched.c.obj)
                0x00000000000045ac                z_impl_k_sched_current_thread_query
 .text.z_thread_abort
                0x00000000000045b8      0x110 zephyr/kernel/libkernel.a(sched.c.obj)
                0x00000000000045b8                z_thread_abort
 .text.slice_timeout
                0x00000000000046c8       0x20 zephyr/kernel/libkernel.a(timeslicing.c.obj)
 .text.thread_is_sliceable
                0x00000000000046e8       0x3c zephyr/kernel/libkernel.a(timeslicing.c.obj)
                0x00000000000046e8                thread_is_sliceable
 .text.z_reset_time_slice
                0x0000000000004724       0x50 zephyr/kernel/libkernel.a(timeslicing.c.obj)
                0x0000000000004724                z_reset_time_slice
 .text.z_time_slice
                0x0000000000004774       0x60 zephyr/kernel/libkernel.a(timeslicing.c.obj)
                0x0000000000004774                z_time_slice
 .text.z_data_copy
                0x00000000000047d4       0x38 zephyr/kernel/libkernel.a(xip.c.obj)
                0x00000000000047d4                z_data_copy
 .text.first    0x000000000000480c       0x10 zephyr/kernel/libkernel.a(timeout.c.obj)
 .text.elapsed  0x000000000000481c       0x14 zephyr/kernel/libkernel.a(timeout.c.obj)
 .text.remove_timeout
                0x0000000000004830       0x38 zephyr/kernel/libkernel.a(timeout.c.obj)
 .text.z_add_timeout
                0x0000000000004868       0xec zephyr/kernel/libkernel.a(timeout.c.obj)
                0x0000000000004868                z_add_timeout
 .text.sys_clock_announce
                0x0000000000004954       0xbc zephyr/kernel/libkernel.a(timeout.c.obj)
                0x0000000000004954                sys_clock_announce
 .text.sys_clock_tick_get
                0x0000000000004a10       0x30 zephyr/kernel/libkernel.a(timeout.c.obj)
                0x0000000000004a10                sys_clock_tick_get
 .text.__l_vfprintf
                0x0000000000004a40      0x4b8 /opt/nordic/ncs/toolchains/ef4fc6722e/opt/zephyr-sdk/arm-zephyr-eabi/bin/../lib/gcc/../../picolibc/arm-zephyr-eabi/lib/thumb/v7e-m/nofp/libc.a(libc_tinystdio_vflprintf.c.o)
                0x0000000000004a40                __l_vfprintf
 .text.sqrt     0x0000000000004ef8      0x170 /opt/nordic/ncs/toolchains/ef4fc6722e/opt/zephyr-sdk/arm-zephyr-eabi/bin/../lib/gcc/../../picolibc/arm-zephyr-eabi/lib/thumb/v7e-m/nofp/libc.a(libm_machine_arm_s_sqrt.c.o)
                0x0000000000004ef8                sqrt
                0x0000000000004ef8                sqrtl
 .text.__fpclassifyd
                0x0000000000005068       0x48 /opt/nordic/ncs/toolchains/ef4fc6722e/opt/zephyr-sdk/arm-zephyr-eabi/bin/../lib/gcc/../../picolibc/arm-zephyr-eabi/lib/thumb/v7e-m/nofp/libc.a(libm_common_s_fpclassify.c.o)
                0x0000000000005068                __fpclassifyl
                0x0000000000005068                __fpclassifyd
 .text.__math_invalid
                0x00000000000050b0       0x10 /opt/nordic/ncs/toolchains/ef4fc6722e/opt/zephyr-sdk/arm-zephyr-eabi/bin/../lib/gcc/../../picolibc/arm-zephyr-eabi/lib/thumb/v7e-m/nofp/libc.a(libm_common_math_err_invalid.c.o)
                0x00000000000050b0                __math_invalid
 .text._OffsetAbsSyms
                0x00000000000050c0        0x2 zephyr/CMakeFiles/offsets.dir/./arch/arm/core/offsets/offsets.c.obj
                0x00000000000050c0                _OffsetAbsSyms
 .text.i2c_write_read.constprop.0.isra.0
                0x00000000000050c2       0x38 app/libapp.a(main.c.obj)
 .text.lpf      0x00000000000050fa       0x44 app/libapp.a(signalprocessing.c.obj)
                0x00000000000050fa                lpf
 .text.derivative
                0x000000000000513e       0x48 app/libapp.a(signalprocessing.c.obj)
                0x000000000000513e                derivative
 .text.sig_proc
                0x0000000000005186       0x26 app/libapp.a(signalprocessing.c.obj)
                0x0000000000005186                sig_proc
 .text.cap_decision
                0x00000000000051ac       0x3c app/libapp.a(signalprocessing.c.obj)
                0x00000000000051ac                cap_decision
 .text.chunk_field
                0x00000000000051e8       0x16 zephyr/libzephyr.a(heap.c.obj)
 .text.chunk_set
                0x00000000000051fe       0x16 zephyr/libzephyr.a(heap.c.obj)
 .text.chunk_size
                0x0000000000005214        0xc zephyr/libzephyr.a(heap.c.obj)
 .text.set_chunk_used
                0x0000000000005220       0x30 zephyr/libzephyr.a(heap.c.obj)
 .text.set_chunk_size
                0x0000000000005250        0x8 zephyr/libzephyr.a(heap.c.obj)
 .text.bucket_idx.isra.0
                0x0000000000005258       0x1c zephyr/libzephyr.a(heap.c.obj)
 .text.free_list_add
                0x0000000000005274       0x84 zephyr/libzephyr.a(heap.c.obj)
 .text.sys_heap_init
                0x00000000000052f8       0xb0 zephyr/libzephyr.a(heap.c.obj)
                0x00000000000052f8                sys_heap_init
 .text.arch_printk_char_out
                0x00000000000053a8        0x4 zephyr/libzephyr.a(printk.c.obj)
                0x00000000000053a8                arch_printk_char_out
 .text.printk   0x00000000000053ac       0x1a zephyr/libzephyr.a(printk.c.obj)
                0x00000000000053ac                printk
 .text.process_recheck
                0x00000000000053c6       0x38 zephyr/libzephyr.a(onoff.c.obj)
 .text.validate_args
                0x00000000000053fe       0x20 zephyr/libzephyr.a(onoff.c.obj)
 .text.notify_one
                0x000000000000541e       0x2c zephyr/libzephyr.a(onoff.c.obj)
 .text.transition_complete
                0x000000000000544a       0x1a zephyr/libzephyr.a(onoff.c.obj)
 .text.onoff_manager_init
                0x0000000000005464       0x26 zephyr/libzephyr.a(onoff.c.obj)
                0x0000000000005464                onoff_manager_init
 .text.onoff_request
                0x000000000000548a       0xae zephyr/libzephyr.a(onoff.c.obj)
                0x000000000000548a                onoff_request
 .text.sys_notify_validate
                0x0000000000005538       0x22 zephyr/libzephyr.a(notify.c.obj)
                0x0000000000005538                sys_notify_validate
 .text.sys_notify_finalize
                0x000000000000555a       0x1a zephyr/libzephyr.a(notify.c.obj)
                0x000000000000555a                sys_notify_finalize
 .text._ConfigAbsSyms
                0x0000000000005574        0x2 zephyr/libzephyr.a(configs.c.obj)
                0x0000000000005574                _ConfigAbsSyms
 .text.z_arm_fatal_error
                0x0000000000005576        0xc zephyr/arch/arch/arm/core/libarch__arm__core.a(fatal.c.obj)
                0x0000000000005576                z_arm_fatal_error
 .text.z_do_kernel_oops
                0x0000000000005582        0x8 zephyr/arch/arch/arm/core/libarch__arm__core.a(fatal.c.obj)
                0x0000000000005582                z_do_kernel_oops
 .text.z_arm_nmi
                0x000000000000558a        0xe zephyr/arch/arch/arm/core/libarch__arm__core.a(nmi.c.obj)
                0x000000000000558a                z_arm_nmi
 .text.z_irq_spurious
                0x0000000000005598        0x8 zephyr/arch/arch/arm/core/cortex_m/libarch__arm__core__cortex_m.a(irq_manage.c.obj)
                0x0000000000005598                z_irq_spurious
 .text.arch_irq_unlock_outlined
                0x00000000000055a0        0xe zephyr/arch/arch/arm/core/cortex_m/libarch__arm__core__cortex_m.a(thread.c.obj)
                0x00000000000055a0                arch_irq_unlock_outlined
 .text.arch_cpu_idle
                0x00000000000055ae       0x1a zephyr/arch/arch/arm/core/cortex_m/libarch__arm__core__cortex_m.a(cpu_idle.c.obj)
                0x00000000000055ae                arch_cpu_idle
 .text.arch_cpu_atomic_idle
                0x00000000000055c8       0x1e zephyr/arch/arch/arm/core/cortex_m/libarch__arm__core__cortex_m.a(cpu_idle.c.obj)
                0x00000000000055c8                arch_cpu_atomic_idle
 .text.size_to_mpu_rasr_size
                0x00000000000055e6       0x20 zephyr/arch/arch/arm/core/mpu/libarch__arm__core__mpu.a(arm_mpu.c.obj)
 .text.picolibc_put
                0x0000000000005606        0xa zephyr/lib/libc/picolibc/liblib__libc__picolibc.a(stdio.c.obj)
 .text.get_status
                0x0000000000005610       0x12 zephyr/drivers/clock_control/libdrivers__clock_control.a(clock_control_nrf.c.obj)
 .text.stop     0x0000000000005622       0x52 zephyr/drivers/clock_control/libdrivers__clock_control.a(clock_control_nrf.c.obj)
 .text.api_stop
                0x0000000000005674        0x6 zephyr/drivers/clock_control/libdrivers__clock_control.a(clock_control_nrf.c.obj)
 .text.async_start
                0x000000000000567a       0x5c zephyr/drivers/clock_control/libdrivers__clock_control.a(clock_control_nrf.c.obj)
 .text.api_start
                0x00000000000056d6        0xe zephyr/drivers/clock_control/libdrivers__clock_control.a(clock_control_nrf.c.obj)
 .text.onoff_started_callback
                0x00000000000056e4       0x12 zephyr/drivers/clock_control/libdrivers__clock_control.a(clock_control_nrf.c.obj)
 .text.lfclk_start
                0x00000000000056f6        0x6 zephyr/drivers/clock_control/libdrivers__clock_control.a(clock_control_nrf.c.obj)
 .text.lfclk_stop
                0x00000000000056fc        0x6 zephyr/drivers/clock_control/libdrivers__clock_control.a(clock_control_nrf.c.obj)
 .text.blocking_start_callback
                0x0000000000005702        0x6 zephyr/drivers/clock_control/libdrivers__clock_control.a(clock_control_nrf.c.obj)
 .text.gpio_nrfx_port_get_raw
                0x0000000000005708        0xe zephyr/drivers/gpio/libdrivers__gpio.a(gpio_nrfx.c.obj)
 .text.gpio_nrfx_port_set_masked_raw
                0x0000000000005716       0x18 zephyr/drivers/gpio/libdrivers__gpio.a(gpio_nrfx.c.obj)
 .text.gpio_nrfx_port_set_bits_raw
                0x000000000000572e        0xc zephyr/drivers/gpio/libdrivers__gpio.a(gpio_nrfx.c.obj)
 .text.gpio_nrfx_port_clear_bits_raw
                0x000000000000573a        0xc zephyr/drivers/gpio/libdrivers__gpio.a(gpio_nrfx.c.obj)
 .text.gpio_nrfx_port_toggle_bits
                0x0000000000005746       0x1a zephyr/drivers/gpio/libdrivers__gpio.a(gpio_nrfx.c.obj)
 .text.gpio_nrfx_manage_callback
                0x0000000000005760       0x52 zephyr/drivers/gpio/libdrivers__gpio.a(gpio_nrfx.c.obj)
 .text.twi_0_init
                0x00000000000057b2       0x40 zephyr/drivers/i2c/libdrivers__i2c.a(i2c_nrfx_twi.c.obj)
 .text.i2c_nrfx_twi_configure
                0x00000000000057f2       0x32 zephyr/drivers/i2c/libdrivers__i2c.a(i2c_nrfx_twi_common.c.obj)
                0x00000000000057f2                i2c_nrfx_twi_configure
 .text.pinctrl_lookup_state
                0x0000000000005824       0x26 zephyr/drivers/pinctrl/libdrivers__pinctrl.a(common.c.obj)
                0x0000000000005824                pinctrl_lookup_state
 .text.uarte_nrfx_err_check
                0x000000000000584a        0xe zephyr/drivers/serial/libdrivers__serial.a(uart_nrfx_uarte.c.obj)
 .text.uarte_nrfx_poll_in
                0x0000000000005858       0x26 zephyr/drivers/serial/libdrivers__serial.a(uart_nrfx_uarte.c.obj)
 .text.is_tx_ready.isra.0
                0x000000000000587e       0x20 zephyr/drivers/serial/libdrivers__serial.a(uart_nrfx_uarte.c.obj)
 .text.uarte_nrfx_isr_int
                0x000000000000589e       0x42 zephyr/drivers/serial/libdrivers__serial.a(uart_nrfx_uarte.c.obj)
 .text.event_clear
                0x00000000000058e0       0x18 zephyr/drivers/timer/libdrivers__timer.a(nrf_rtc_timer.c.obj)
 .text.nrfx_isr
                0x00000000000058f8        0x2 modules/hal_nordic/modules/hal_nordic/nrfx/libmodules__hal_nordic__nrfx.a(nrfx_glue.c.obj)
                0x00000000000058f8                nrfx_isr
 .text.nrfx_busy_wait
                0x00000000000058fa        0x4 modules/hal_nordic/modules/hal_nordic/nrfx/libmodules__hal_nordic__nrfx.a(nrfx_glue.c.obj)
                0x00000000000058fa                nrfx_busy_wait
 .text.nrfx_gppi_channel_endpoints_setup
                0x00000000000058fe       0x14 modules/hal_nordic/modules/hal_nordic/nrfx/libmodules__hal_nordic__nrfx.a(nrfx_gppi_ppi.c.obj)
                0x00000000000058fe                nrfx_gppi_channel_endpoints_setup
 .text.nrfx_gppi_channel_alloc
                0x0000000000005912        0x4 modules/hal_nordic/modules/hal_nordic/nrfx/libmodules__hal_nordic__nrfx.a(nrfx_gppi_ppi.c.obj)
                0x0000000000005912                nrfx_gppi_channel_alloc
 .text.clock_stop
                0x0000000000005916       0xb0 modules/hal_nordic/modules/hal_nordic/nrfx/libmodules__hal_nordic__nrfx.a(nrfx_clock.c.obj)
 .text.nrfx_clock_stop
                0x00000000000059c6        0x4 modules/hal_nordic/modules/hal_nordic/nrfx/libmodules__hal_nordic__nrfx.a(nrfx_clock.c.obj)
                0x00000000000059c6                nrfx_clock_stop
 .text.nrf_gpio_reconfigure
                0x00000000000059ca       0x92 modules/hal_nordic/modules/hal_nordic/nrfx/libmodules__hal_nordic__nrfx.a(nrfx_gpiote.c.obj)
 .text.nrf_gpio_cfg_sense_set
                0x0000000000005a5c       0x1e modules/hal_nordic/modules/hal_nordic/nrfx/libmodules__hal_nordic__nrfx.a(nrfx_gpiote.c.obj)
 .text.pin_trigger_disable
                0x0000000000005a7a       0x48 modules/hal_nordic/modules/hal_nordic/nrfx/libmodules__hal_nordic__nrfx.a(nrfx_gpiote.c.obj)
 .text.nrfx_gpiote_pin_uninit
                0x0000000000005ac2        0x4 modules/hal_nordic/modules/hal_nordic/nrfx/libmodules__hal_nordic__nrfx.a(nrfx_gpiote.c.obj)
                0x0000000000005ac2                nrfx_gpiote_pin_uninit
 .text.nrfx_gpiote_trigger_disable
                0x0000000000005ac6        0x4 modules/hal_nordic/modules/hal_nordic/nrfx/libmodules__hal_nordic__nrfx.a(nrfx_gpiote.c.obj)
                0x0000000000005ac6                nrfx_gpiote_trigger_disable
 .text.twi_transfer
                0x0000000000005aca      0x130 modules/hal_nordic/modules/hal_nordic/nrfx/libmodules__hal_nordic__nrfx.a(nrfx_twi.c.obj)
 .text.nrf_gpio_pin_set
                0x0000000000005bfa       0x1a modules/hal_nordic/modules/hal_nordic/nrfx/libmodules__hal_nordic__nrfx.a(nrfx_twi_twim.c.obj)
 .text.rtt_init
                0x0000000000005c14        0xa modules/segger/libmodules__segger.a(SEGGER_RTT_zephyr.c.obj)
 .text.z_impl_k_busy_wait
                0x0000000000005c1e        0x8 zephyr/kernel/libkernel.a(busy_wait.c.obj)
                0x0000000000005c1e                z_impl_k_busy_wait
 .text.z_device_state_init
                0x0000000000005c26        0x2 zephyr/kernel/libkernel.a(device.c.obj)
                0x0000000000005c26                z_device_state_init
 .text.z_impl_device_is_ready
                0x0000000000005c28       0x16 zephyr/kernel/libkernel.a(device.c.obj)
                0x0000000000005c28                z_impl_device_is_ready
 .text.arch_system_halt
                0x0000000000005c3e       0x10 zephyr/kernel/libkernel.a(fatal.c.obj)
                0x0000000000005c3e                arch_system_halt
 .text.k_sys_fatal_error_handler
                0x0000000000005c4e        0x6 zephyr/kernel/libkernel.a(fatal.c.obj)
                0x0000000000005c4e                k_sys_fatal_error_handler
 .text.do_device_init
                0x0000000000005c54       0x30 zephyr/kernel/libkernel.a(init.c.obj)
 .text.z_early_memset
                0x0000000000005c84        0x4 zephyr/kernel/libkernel.a(init.c.obj)
                0x0000000000005c84                z_early_memset
 .text.z_early_memcpy
                0x0000000000005c88        0x4 zephyr/kernel/libkernel.a(init.c.obj)
                0x0000000000005c88                z_early_memcpy
 .text.z_init_static
                0x0000000000005c8c        0x2 zephyr/kernel/libkernel.a(init_static.c.obj)
                0x0000000000005c8c                z_init_static
 .text.idle     0x0000000000005c8e       0x16 zephyr/kernel/libkernel.a(idle.c.obj)
                0x0000000000005c8e                idle
 .text.k_is_in_isr
                0x0000000000005ca4        0xc zephyr/kernel/libkernel.a(thread.c.obj)
                0x0000000000005ca4                k_is_in_isr
 .text.sys_dlist_remove
                0x0000000000005cb0       0x10 zephyr/kernel/libkernel.a(sched.c.obj)
 .text.unpend_thread_no_timeout
                0x0000000000005cc0       0x14 zephyr/kernel/libkernel.a(sched.c.obj)
 .text.add_to_waitq_locked
                0x0000000000005cd4       0x50 zephyr/kernel/libkernel.a(sched.c.obj)
 .text.z_ready_thread
                0x0000000000005d24       0x1e zephyr/kernel/libkernel.a(sched.c.obj)
                0x0000000000005d24                z_ready_thread
 .text.z_sched_wake_thread
                0x0000000000005d42       0x3a zephyr/kernel/libkernel.a(sched.c.obj)
                0x0000000000005d42                z_sched_wake_thread
 .text.z_thread_timeout
                0x0000000000005d7c        0x8 zephyr/kernel/libkernel.a(sched.c.obj)
                0x0000000000005d7c                z_thread_timeout
 .text.z_impl_k_sleep
                0x0000000000005d84       0x32 zephyr/kernel/libkernel.a(sched.c.obj)
                0x0000000000005d84                z_impl_k_sleep
 .text.next_timeout
                0x0000000000005db6       0x32 zephyr/kernel/libkernel.a(timeout.c.obj)
 .text.z_abort_timeout
                0x0000000000005de8       0x42 zephyr/kernel/libkernel.a(timeout.c.obj)
                0x0000000000005de8                z_abort_timeout
 .text.sys_clock_tick_get_32
                0x0000000000005e2a        0x8 zephyr/kernel/libkernel.a(timeout.c.obj)
                0x0000000000005e2a                sys_clock_tick_get_32
 .text.memcpy   0x0000000000005e32       0x1c /opt/nordic/ncs/toolchains/ef4fc6722e/opt/zephyr-sdk/arm-zephyr-eabi/bin/../lib/gcc/../../picolibc/arm-zephyr-eabi/lib/thumb/v7e-m/nofp/libc.a(memcpy.c.o)
                0x0000000000005e32                memcpy
                0x0000000000005e32                __aeabi_memcpy
                0x0000000000005e32                __aeabi_memcpy4
                0x0000000000005e32                __aeabi_memcpy8
 .text.memset   0x0000000000005e4e       0x10 /opt/nordic/ncs/toolchains/ef4fc6722e/opt/zephyr-sdk/arm-zephyr-eabi/bin/../lib/gcc/../../picolibc/arm-zephyr-eabi/lib/thumb/v7e-m/nofp/libc.a(memset.c.o)
                0x0000000000005e4e                memset
 .text.strnlen  0x0000000000005e5e       0x18 /opt/nordic/ncs/toolchains/ef4fc6722e/opt/zephyr-sdk/arm-zephyr-eabi/bin/../lib/gcc/../../picolibc/arm-zephyr-eabi/lib/thumb/v7e-m/nofp/libc.a(libc_string_strnlen.c.o)
                0x0000000000005e5e                strnlen
 .text.__ultoa_invert
                0x0000000000005e76       0xae /opt/nordic/ncs/toolchains/ef4fc6722e/opt/zephyr-sdk/arm-zephyr-eabi/bin/../lib/gcc/../../picolibc/arm-zephyr-eabi/lib/thumb/v7e-m/nofp/libc.a(libc_tinystdio_vflprintf.c.o)
 *(SORT_BY_ALIGNMENT(.TEXT.*))
 .TEXT.__aeabi_read_tp
                0x0000000000005f24        0xc zephyr/arch/arch/arm/core/cortex_m/libarch__arm__core__cortex_m.a(__aeabi_read_tp.S.obj)
                0x0000000000005f24                __aeabi_read_tp
 *(SORT_BY_ALIGNMENT(.gnu.linkonce.t.*))
 *(SORT_BY_ALIGNMENT(.glue_7t))
 .glue_7t       0x0000000000005f30        0x0 linker stubs
 *(SORT_BY_ALIGNMENT(.glue_7))
 .glue_7        0x0000000000005f30        0x0 linker stubs
 *(SORT_BY_ALIGNMENT(.vfp11_veneer))
 .vfp11_veneer  0x0000000000005f30        0x0 linker stubs
 *(SORT_BY_ALIGNMENT(.v4_bx))
 .v4_bx         0x0000000000005f30        0x0 linker stubs
                0x0000000000005f30                . = ALIGN (0x4)
                0x0000000000005f30                __text_region_end = .

.ARM.exidx      0x0000000000005f30        0x0
                0x0000000000005f30                __exidx_start = .
 *(SORT_BY_ALIGNMENT(.ARM.exidx*) SORT_BY_ALIGNMENT(gnu.linkonce.armexidx.*))
                0x0000000000005f30                __exidx_end = .
                0x0000000000005f30                __rodata_region_start = .

initlevel       0x0000000000005f30       0x50
                0x0000000000005f30                __init_start = .
                0x0000000000005f30                __init_EARLY_start = .
 *(SORT_BY_NAME(SORT_BY_ALIGNMENT(.z_init_EARLY?_*)))
 *(SORT_BY_NAME(SORT_BY_ALIGNMENT(.z_init_EARLY??_*)))
                0x0000000000005f30                __init_PRE_KERNEL_1_start = .
 *(SORT_BY_NAME(SORT_BY_ALIGNMENT(.z_init_PRE_KERNEL_1?_*)))
 .z_init_PRE_KERNEL_10_0_
                0x0000000000005f30        0x8 zephyr/soc/soc/nrf52833/libsoc__nordic.a(soc.c.obj)
 *(SORT_BY_NAME(SORT_BY_ALIGNMENT(.z_init_PRE_KERNEL_1??_*)))
 .z_init_PRE_KERNEL_130_00065_
                0x0000000000005f38        0x8 zephyr/drivers/clock_control/libdrivers__clock_control.a(clock_control_nrf.c.obj)
 .z_init_PRE_KERNEL_130_0_
                0x0000000000005f40        0x8 modules/segger/libmodules__segger.a(SEGGER_RTT_zephyr.c.obj)
 .z_init_PRE_KERNEL_140_00010_
                0x0000000000005f48        0x8 zephyr/drivers/gpio/libdrivers__gpio.a(gpio_nrfx.c.obj)
 .z_init_PRE_KERNEL_140_00075_
                0x0000000000005f50        0x8 zephyr/drivers/gpio/libdrivers__gpio.a(gpio_nrfx.c.obj)
 .z_init_PRE_KERNEL_150_00101_
                0x0000000000005f58        0x8 zephyr/drivers/serial/libdrivers__serial.a(uart_nrfx_uarte.c.obj)
 .z_init_PRE_KERNEL_160_0_
                0x0000000000005f60        0x8 zephyr/drivers/console/libdrivers__console.a(uart_console.c.obj)
                0x0000000000005f68                __init_PRE_KERNEL_2_start = .
 *(SORT_BY_NAME(SORT_BY_ALIGNMENT(.z_init_PRE_KERNEL_2?_*)))
 .z_init_PRE_KERNEL_20_0_
                0x0000000000005f68        0x8 zephyr/drivers/timer/libdrivers__timer.a(nrf_rtc_timer.c.obj)
 *(SORT_BY_NAME(SORT_BY_ALIGNMENT(.z_init_PRE_KERNEL_2??_*)))
                0x0000000000005f70                __init_POST_KERNEL_start = .
 *(SORT_BY_NAME(SORT_BY_ALIGNMENT(.z_init_POST_KERNEL?_*)))
 *(SORT_BY_NAME(SORT_BY_ALIGNMENT(.z_init_POST_KERNEL??_*)))
 .z_init_POST_KERNEL35_0_
                0x0000000000005f70        0x8 zephyr/lib/libc/common/liblib__libc__common.a(malloc.c.obj)
 .z_init_POST_KERNEL50_00113_
                0x0000000000005f78        0x8 zephyr/drivers/i2c/libdrivers__i2c.a(i2c_nrfx_twi.c.obj)
                0x0000000000005f80                __init_APPLICATION_start = .
 *(SORT_BY_NAME(SORT_BY_ALIGNMENT(.z_init_APPLICATION?_*)))
 *(SORT_BY_NAME(SORT_BY_ALIGNMENT(.z_init_APPLICATION??_*)))
                0x0000000000005f80                __init_SMP_start = .
 *(SORT_BY_NAME(SORT_BY_ALIGNMENT(.z_init_SMP?_*)))
 *(SORT_BY_NAME(SORT_BY_ALIGNMENT(.z_init_SMP??_*)))
                0x0000000000005f80                __init_end = .
                0x0000000000005f80                __deferred_init_list_start = .
 *(SORT_BY_ALIGNMENT(.z_deferred_init*))
                0x0000000000005f80                __deferred_init_list_end = .

device_area     0x0000000000005f80       0x64
                0x0000000000005f80                _device_list_start = .
 *(SORT_BY_NAME(SORT_BY_ALIGNMENT(._device.static.*_?_*)))
 *(SORT_BY_NAME(SORT_BY_ALIGNMENT(._device.static.*_??_*)))
 ._device.static.1_30_
                0x0000000000005f80       0x14 zephyr/drivers/clock_control/libdrivers__clock_control.a(clock_control_nrf.c.obj)
                0x0000000000005f80                __device_dts_ord_65
 ._device.static.1_40_
                0x0000000000005f94       0x28 zephyr/drivers/gpio/libdrivers__gpio.a(gpio_nrfx.c.obj)
                0x0000000000005f94                __device_dts_ord_75
                0x0000000000005fa8                __device_dts_ord_10
 ._device.static.1_50_
                0x0000000000005fbc       0x14 zephyr/drivers/serial/libdrivers__serial.a(uart_nrfx_uarte.c.obj)
                0x0000000000005fbc                __device_dts_ord_101
 ._device.static.3_50_
                0x0000000000005fd0       0x14 zephyr/drivers/i2c/libdrivers__i2c.a(i2c_nrfx_twi.c.obj)
                0x0000000000005fd0                __device_dts_ord_113
                0x0000000000005fe4                _device_list_end = .

sw_isr_table    0x0000000000005fe4      0x180
                0x0000000000005fe4                . = ALIGN (0x4)
 *(SORT_BY_ALIGNMENT(.gnu.linkonce.sw_isr_table*))
 .gnu.linkonce.sw_isr_table
                0x0000000000005fe4      0x180 zephyr/arch/common/libisr_tables.a(isr_tables.c.obj)
                0x0000000000005fe4                _sw_isr_table

initlevel_error
                0x0000000000005f30        0x0
 *(SORT_BY_NAME(SORT_BY_ALIGNMENT(.z_init_[_A-Z0-9]*)))
                0x0000000000000001                ASSERT ((SIZEOF (initlevel_error) == 0x0), Undefined initialization levels used.)

app_shmem_regions
                0x0000000000006164        0x0
                0x0000000000006164                __app_shmem_regions_start = .
 *(SORT_BY_NAME(SORT_BY_ALIGNMENT(.app_regions.*)))
                0x0000000000006164                __app_shmem_regions_end = .

k_p4wq_initparam_area
                0x0000000000006164        0x0
                0x0000000000006164                _k_p4wq_initparam_list_start = .
 *(SORT_BY_NAME(SORT_BY_ALIGNMENT(._k_p4wq_initparam.static.*)))
                0x0000000000006164                _k_p4wq_initparam_list_end = .

_static_thread_data_area
                0x0000000000006164        0x0
                0x0000000000006164                __static_thread_data_list_start = .
 *(SORT_BY_NAME(SORT_BY_ALIGNMENT(.__static_thread_data.static.*)))
                0x0000000000006164                __static_thread_data_list_end = .

device_deps     0x0000000000006164        0x0
                0x0000000000006164                __device_deps_start = .
 *(SORT_BY_NAME(SORT_BY_ALIGNMENT(.__device_deps_pass2*)))
                0x0000000000006164                __device_deps_end = .

gpio_driver_api_area
                0x0000000000006164       0x24
                0x0000000000006164                _gpio_driver_api_list_start = .
 *(SORT_BY_NAME(SORT_BY_ALIGNMENT(._gpio_driver_api.static.*)))
 ._gpio_driver_api.static.gpio_nrfx_drv_api_funcs_
                0x0000000000006164       0x24 zephyr/drivers/gpio/libdrivers__gpio.a(gpio_nrfx.c.obj)
                0x0000000000006188                _gpio_driver_api_list_end = .

i2c_driver_api_area
                0x0000000000006188       0x18
                0x0000000000006188                _i2c_driver_api_list_start = .
 *(SORT_BY_NAME(SORT_BY_ALIGNMENT(._i2c_driver_api.static.*)))
 ._i2c_driver_api.static.i2c_nrfx_twi_driver_api_
                0x0000000000006188       0x18 zephyr/drivers/i2c/libdrivers__i2c.a(i2c_nrfx_twi.c.obj)
                0x00000000000061a0                _i2c_driver_api_list_end = .

i2c_target_driver_api_area
                0x00000000000061a0        0x0
                0x00000000000061a0                _i2c_target_driver_api_list_start = .
 *(SORT_BY_NAME(SORT_BY_ALIGNMENT(._i2c_target_driver_api.static.*)))
                0x00000000000061a0                _i2c_target_driver_api_list_end = .

shared_irq_driver_api_area
                0x00000000000061a0        0x0
                0x00000000000061a0                _shared_irq_driver_api_list_start = .
 *(SORT_BY_NAME(SORT_BY_ALIGNMENT(._shared_irq_driver_api.static.*)))
                0x00000000000061a0                _shared_irq_driver_api_list_end = .

crypto_driver_api_area
                0x00000000000061a0        0x0
                0x00000000000061a0                _crypto_driver_api_list_start = .
 *(SORT_BY_NAME(SORT_BY_ALIGNMENT(._crypto_driver_api.static.*)))
                0x00000000000061a0                _crypto_driver_api_list_end = .

adc_driver_api_area
                0x00000000000061a0        0x0
                0x00000000000061a0                _adc_driver_api_list_start = .
 *(SORT_BY_NAME(SORT_BY_ALIGNMENT(._adc_driver_api.static.*)))
                0x00000000000061a0                _adc_driver_api_list_end = .

auxdisplay_driver_api_area
                0x00000000000061a0        0x0
                0x00000000000061a0                _auxdisplay_driver_api_list_start = .
 *(SORT_BY_NAME(SORT_BY_ALIGNMENT(._auxdisplay_driver_api.static.*)))
                0x00000000000061a0                _auxdisplay_driver_api_list_end = .

bbram_driver_api_area
                0x00000000000061a0        0x0
                0x00000000000061a0                _bbram_driver_api_list_start = .
 *(SORT_BY_NAME(SORT_BY_ALIGNMENT(._bbram_driver_api.static.*)))
                0x00000000000061a0                _bbram_driver_api_list_end = .

bt_hci_driver_api_area
                0x00000000000061a0        0x0
                0x00000000000061a0                _bt_hci_driver_api_list_start = .
 *(SORT_BY_NAME(SORT_BY_ALIGNMENT(._bt_hci_driver_api.static.*)))
                0x00000000000061a0                _bt_hci_driver_api_list_end = .

can_driver_api_area
                0x00000000000061a0        0x0
                0x00000000000061a0                _can_driver_api_list_start = .
 *(SORT_BY_NAME(SORT_BY_ALIGNMENT(._can_driver_api.static.*)))
                0x00000000000061a0                _can_driver_api_list_end = .

cellular_driver_api_area
                0x00000000000061a0        0x0
                0x00000000000061a0                _cellular_driver_api_list_start = .
 *(SORT_BY_NAME(SORT_BY_ALIGNMENT(._cellular_driver_api.static.*)))
                0x00000000000061a0                _cellular_driver_api_list_end = .

charger_driver_api_area
                0x00000000000061a0        0x0
                0x00000000000061a0                _charger_driver_api_list_start = .
 *(SORT_BY_NAME(SORT_BY_ALIGNMENT(._charger_driver_api.static.*)))
                0x00000000000061a0                _charger_driver_api_list_end = .

clock_control_driver_api_area
                0x00000000000061a0       0x1c
                0x00000000000061a0                _clock_control_driver_api_list_start = .
 *(SORT_BY_NAME(SORT_BY_ALIGNMENT(._clock_control_driver_api.static.*)))
 ._clock_control_driver_api.static.clock_control_api_
                0x00000000000061a0       0x1c zephyr/drivers/clock_control/libdrivers__clock_control.a(clock_control_nrf.c.obj)
                0x00000000000061bc                _clock_control_driver_api_list_end = .

comparator_driver_api_area
                0x00000000000061bc        0x0
                0x00000000000061bc                _comparator_driver_api_list_start = .
 *(SORT_BY_NAME(SORT_BY_ALIGNMENT(._comparator_driver_api.static.*)))
                0x00000000000061bc                _comparator_driver_api_list_end = .

coredump_driver_api_area
                0x00000000000061bc        0x0
                0x00000000000061bc                _coredump_driver_api_list_start = .
 *(SORT_BY_NAME(SORT_BY_ALIGNMENT(._coredump_driver_api.static.*)))
                0x00000000000061bc                _coredump_driver_api_list_end = .

counter_driver_api_area
                0x00000000000061bc        0x0
                0x00000000000061bc                _counter_driver_api_list_start = .
 *(SORT_BY_NAME(SORT_BY_ALIGNMENT(._counter_driver_api.static.*)))
                0x00000000000061bc                _counter_driver_api_list_end = .

dac_driver_api_area
                0x00000000000061bc        0x0
                0x00000000000061bc                _dac_driver_api_list_start = .
 *(SORT_BY_NAME(SORT_BY_ALIGNMENT(._dac_driver_api.static.*)))
                0x00000000000061bc                _dac_driver_api_list_end = .

dai_driver_api_area
                0x00000000000061bc        0x0
                0x00000000000061bc                _dai_driver_api_list_start = .
 *(SORT_BY_NAME(SORT_BY_ALIGNMENT(._dai_driver_api.static.*)))
                0x00000000000061bc                _dai_driver_api_list_end = .

display_driver_api_area
                0x00000000000061bc        0x0
                0x00000000000061bc                _display_driver_api_list_start = .
 *(SORT_BY_NAME(SORT_BY_ALIGNMENT(._display_driver_api.static.*)))
                0x00000000000061bc                _display_driver_api_list_end = .

dma_driver_api_area
                0x00000000000061bc        0x0
                0x00000000000061bc                _dma_driver_api_list_start = .
 *(SORT_BY_NAME(SORT_BY_ALIGNMENT(._dma_driver_api.static.*)))
                0x00000000000061bc                _dma_driver_api_list_end = .

edac_driver_api_area
                0x00000000000061bc        0x0
                0x00000000000061bc                _edac_driver_api_list_start = .
 *(SORT_BY_NAME(SORT_BY_ALIGNMENT(._edac_driver_api.static.*)))
                0x00000000000061bc                _edac_driver_api_list_end = .

eeprom_driver_api_area
                0x00000000000061bc        0x0
                0x00000000000061bc                _eeprom_driver_api_list_start = .
 *(SORT_BY_NAME(SORT_BY_ALIGNMENT(._eeprom_driver_api.static.*)))
                0x00000000000061bc                _eeprom_driver_api_list_end = .

emul_bbram_driver_api_area
                0x00000000000061bc        0x0
                0x00000000000061bc                _emul_bbram_driver_api_list_start = .
 *(SORT_BY_NAME(SORT_BY_ALIGNMENT(._emul_bbram_driver_api.static.*)))
                0x00000000000061bc                _emul_bbram_driver_api_list_end = .

fuel_gauge_emul_driver_api_area
                0x00000000000061bc        0x0
                0x00000000000061bc                _fuel_gauge_emul_driver_api_list_start = .
 *(SORT_BY_NAME(SORT_BY_ALIGNMENT(._fuel_gauge_emul_driver_api.static.*)))
                0x00000000000061bc                _fuel_gauge_emul_driver_api_list_end = .

emul_sensor_driver_api_area
                0x00000000000061bc        0x0
                0x00000000000061bc                _emul_sensor_driver_api_list_start = .
 *(SORT_BY_NAME(SORT_BY_ALIGNMENT(._emul_sensor_driver_api.static.*)))
                0x00000000000061bc                _emul_sensor_driver_api_list_end = .

entropy_driver_api_area
                0x00000000000061bc        0x0
                0x00000000000061bc                _entropy_driver_api_list_start = .
 *(SORT_BY_NAME(SORT_BY_ALIGNMENT(._entropy_driver_api.static.*)))
                0x00000000000061bc                _entropy_driver_api_list_end = .

espi_driver_api_area
                0x00000000000061bc        0x0
                0x00000000000061bc                _espi_driver_api_list_start = .
 *(SORT_BY_NAME(SORT_BY_ALIGNMENT(._espi_driver_api.static.*)))
                0x00000000000061bc                _espi_driver_api_list_end = .

espi_saf_driver_api_area
                0x00000000000061bc        0x0
                0x00000000000061bc                _espi_saf_driver_api_list_start = .
 *(SORT_BY_NAME(SORT_BY_ALIGNMENT(._espi_saf_driver_api.static.*)))
                0x00000000000061bc                _espi_saf_driver_api_list_end = .

flash_driver_api_area
                0x00000000000061bc        0x0
                0x00000000000061bc                _flash_driver_api_list_start = .
 *(SORT_BY_NAME(SORT_BY_ALIGNMENT(._flash_driver_api.static.*)))
                0x00000000000061bc                _flash_driver_api_list_end = .

fpga_driver_api_area
                0x00000000000061bc        0x0
                0x00000000000061bc                _fpga_driver_api_list_start = .
 *(SORT_BY_NAME(SORT_BY_ALIGNMENT(._fpga_driver_api.static.*)))
                0x00000000000061bc                _fpga_driver_api_list_end = .

fuel_gauge_driver_api_area
                0x00000000000061bc        0x0
                0x00000000000061bc                _fuel_gauge_driver_api_list_start = .
 *(SORT_BY_NAME(SORT_BY_ALIGNMENT(._fuel_gauge_driver_api.static.*)))
                0x00000000000061bc                _fuel_gauge_driver_api_list_end = .

gnss_driver_api_area
                0x00000000000061bc        0x0
                0x00000000000061bc                _gnss_driver_api_list_start = .
 *(SORT_BY_NAME(SORT_BY_ALIGNMENT(._gnss_driver_api.static.*)))
                0x00000000000061bc                _gnss_driver_api_list_end = .

haptics_driver_api_area
                0x00000000000061bc        0x0
                0x00000000000061bc                _haptics_driver_api_list_start = .
 *(SORT_BY_NAME(SORT_BY_ALIGNMENT(._haptics_driver_api.static.*)))
                0x00000000000061bc                _haptics_driver_api_list_end = .

hwspinlock_driver_api_area
                0x00000000000061bc        0x0
                0x00000000000061bc                _hwspinlock_driver_api_list_start = .
 *(SORT_BY_NAME(SORT_BY_ALIGNMENT(._hwspinlock_driver_api.static.*)))
                0x00000000000061bc                _hwspinlock_driver_api_list_end = .

i2s_driver_api_area
                0x00000000000061bc        0x0
                0x00000000000061bc                _i2s_driver_api_list_start = .
 *(SORT_BY_NAME(SORT_BY_ALIGNMENT(._i2s_driver_api.static.*)))
                0x00000000000061bc                _i2s_driver_api_list_end = .

i3c_driver_api_area
                0x00000000000061bc        0x0
                0x00000000000061bc                _i3c_driver_api_list_start = .
 *(SORT_BY_NAME(SORT_BY_ALIGNMENT(._i3c_driver_api.static.*)))
                0x00000000000061bc                _i3c_driver_api_list_end = .

ipm_driver_api_area
                0x00000000000061bc        0x0
                0x00000000000061bc                _ipm_driver_api_list_start = .
 *(SORT_BY_NAME(SORT_BY_ALIGNMENT(._ipm_driver_api.static.*)))
                0x00000000000061bc                _ipm_driver_api_list_end = .

kscan_driver_api_area
                0x00000000000061bc        0x0
                0x00000000000061bc                _kscan_driver_api_list_start = .
 *(SORT_BY_NAME(SORT_BY_ALIGNMENT(._kscan_driver_api.static.*)))
                0x00000000000061bc                _kscan_driver_api_list_end = .

led_driver_api_area
                0x00000000000061bc        0x0
                0x00000000000061bc                _led_driver_api_list_start = .
 *(SORT_BY_NAME(SORT_BY_ALIGNMENT(._led_driver_api.static.*)))
                0x00000000000061bc                _led_driver_api_list_end = .

led_strip_driver_api_area
                0x00000000000061bc        0x0
                0x00000000000061bc                _led_strip_driver_api_list_start = .
 *(SORT_BY_NAME(SORT_BY_ALIGNMENT(._led_strip_driver_api.static.*)))
                0x00000000000061bc                _led_strip_driver_api_list_end = .

lora_driver_api_area
                0x00000000000061bc        0x0
                0x00000000000061bc                _lora_driver_api_list_start = .
 *(SORT_BY_NAME(SORT_BY_ALIGNMENT(._lora_driver_api.static.*)))
                0x00000000000061bc                _lora_driver_api_list_end = .

mbox_driver_api_area
                0x00000000000061bc        0x0
                0x00000000000061bc                _mbox_driver_api_list_start = .
 *(SORT_BY_NAME(SORT_BY_ALIGNMENT(._mbox_driver_api.static.*)))
                0x00000000000061bc                _mbox_driver_api_list_end = .

mdio_driver_api_area
                0x00000000000061bc        0x0
                0x00000000000061bc                _mdio_driver_api_list_start = .
 *(SORT_BY_NAME(SORT_BY_ALIGNMENT(._mdio_driver_api.static.*)))
                0x00000000000061bc                _mdio_driver_api_list_end = .

mipi_dbi_driver_api_area
                0x00000000000061bc        0x0
                0x00000000000061bc                _mipi_dbi_driver_api_list_start = .
 *(SORT_BY_NAME(SORT_BY_ALIGNMENT(._mipi_dbi_driver_api.static.*)))
                0x00000000000061bc                _mipi_dbi_driver_api_list_end = .

mipi_dsi_driver_api_area
                0x00000000000061bc        0x0
                0x00000000000061bc                _mipi_dsi_driver_api_list_start = .
 *(SORT_BY_NAME(SORT_BY_ALIGNMENT(._mipi_dsi_driver_api.static.*)))
                0x00000000000061bc                _mipi_dsi_driver_api_list_end = .

mspi_driver_api_area
                0x00000000000061bc        0x0
                0x00000000000061bc                _mspi_driver_api_list_start = .
 *(SORT_BY_NAME(SORT_BY_ALIGNMENT(._mspi_driver_api.static.*)))
                0x00000000000061bc                _mspi_driver_api_list_end = .

peci_driver_api_area
                0x00000000000061bc        0x0
                0x00000000000061bc                _peci_driver_api_list_start = .
 *(SORT_BY_NAME(SORT_BY_ALIGNMENT(._peci_driver_api.static.*)))
                0x00000000000061bc                _peci_driver_api_list_end = .

ps2_driver_api_area
                0x00000000000061bc        0x0
                0x00000000000061bc                _ps2_driver_api_list_start = .
 *(SORT_BY_NAME(SORT_BY_ALIGNMENT(._ps2_driver_api.static.*)))
                0x00000000000061bc                _ps2_driver_api_list_end = .

ptp_clock_driver_api_area
                0x00000000000061bc        0x0
                0x00000000000061bc                _ptp_clock_driver_api_list_start = .
 *(SORT_BY_NAME(SORT_BY_ALIGNMENT(._ptp_clock_driver_api.static.*)))
                0x00000000000061bc                _ptp_clock_driver_api_list_end = .

pwm_driver_api_area
                0x00000000000061bc        0x0
                0x00000000000061bc                _pwm_driver_api_list_start = .
 *(SORT_BY_NAME(SORT_BY_ALIGNMENT(._pwm_driver_api.static.*)))
                0x00000000000061bc                _pwm_driver_api_list_end = .

regulator_parent_driver_api_area
                0x00000000000061bc        0x0
                0x00000000000061bc                _regulator_parent_driver_api_list_start = .
 *(SORT_BY_NAME(SORT_BY_ALIGNMENT(._regulator_parent_driver_api.static.*)))
                0x00000000000061bc                _regulator_parent_driver_api_list_end = .

regulator_driver_api_area
                0x00000000000061bc        0x0
                0x00000000000061bc                _regulator_driver_api_list_start = .
 *(SORT_BY_NAME(SORT_BY_ALIGNMENT(._regulator_driver_api.static.*)))
                0x00000000000061bc                _regulator_driver_api_list_end = .

reset_driver_api_area
                0x00000000000061bc        0x0
                0x00000000000061bc                _reset_driver_api_list_start = .
 *(SORT_BY_NAME(SORT_BY_ALIGNMENT(._reset_driver_api.static.*)))
                0x00000000000061bc                _reset_driver_api_list_end = .

retained_mem_driver_api_area
                0x00000000000061bc        0x0
                0x00000000000061bc                _retained_mem_driver_api_list_start = .
 *(SORT_BY_NAME(SORT_BY_ALIGNMENT(._retained_mem_driver_api.static.*)))
                0x00000000000061bc                _retained_mem_driver_api_list_end = .

rtc_driver_api_area
                0x00000000000061bc        0x0
                0x00000000000061bc                _rtc_driver_api_list_start = .
 *(SORT_BY_NAME(SORT_BY_ALIGNMENT(._rtc_driver_api.static.*)))
                0x00000000000061bc                _rtc_driver_api_list_end = .

sdhc_driver_api_area
                0x00000000000061bc        0x0
                0x00000000000061bc                _sdhc_driver_api_list_start = .
 *(SORT_BY_NAME(SORT_BY_ALIGNMENT(._sdhc_driver_api.static.*)))
                0x00000000000061bc                _sdhc_driver_api_list_end = .

sensor_driver_api_area
                0x00000000000061bc        0x0
                0x00000000000061bc                _sensor_driver_api_list_start = .
 *(SORT_BY_NAME(SORT_BY_ALIGNMENT(._sensor_driver_api.static.*)))
                0x00000000000061bc                _sensor_driver_api_list_end = .

smbus_driver_api_area
                0x00000000000061bc        0x0
                0x00000000000061bc                _smbus_driver_api_list_start = .
 *(SORT_BY_NAME(SORT_BY_ALIGNMENT(._smbus_driver_api.static.*)))
                0x00000000000061bc                _smbus_driver_api_list_end = .

spi_driver_api_area
                0x00000000000061bc        0x0
                0x00000000000061bc                _spi_driver_api_list_start = .
 *(SORT_BY_NAME(SORT_BY_ALIGNMENT(._spi_driver_api.static.*)))
                0x00000000000061bc                _spi_driver_api_list_end = .

stepper_driver_api_area
                0x00000000000061bc        0x0
                0x00000000000061bc                _stepper_driver_api_list_start = .
 *(SORT_BY_NAME(SORT_BY_ALIGNMENT(._stepper_driver_api.static.*)))
                0x00000000000061bc                _stepper_driver_api_list_end = .

syscon_driver_api_area
                0x00000000000061bc        0x0
                0x00000000000061bc                _syscon_driver_api_list_start = .
 *(SORT_BY_NAME(SORT_BY_ALIGNMENT(._syscon_driver_api.static.*)))
                0x00000000000061bc                _syscon_driver_api_list_end = .

tee_driver_api_area
                0x00000000000061bc        0x0
                0x00000000000061bc                _tee_driver_api_list_start = .
 *(SORT_BY_NAME(SORT_BY_ALIGNMENT(._tee_driver_api.static.*)))
                0x00000000000061bc                _tee_driver_api_list_end = .

video_driver_api_area
                0x00000000000061bc        0x0
                0x00000000000061bc                _video_driver_api_list_start = .
 *(SORT_BY_NAME(SORT_BY_ALIGNMENT(._video_driver_api.static.*)))
                0x00000000000061bc                _video_driver_api_list_end = .

w1_driver_api_area
                0x00000000000061bc        0x0
                0x00000000000061bc                _w1_driver_api_list_start = .
 *(SORT_BY_NAME(SORT_BY_ALIGNMENT(._w1_driver_api.static.*)))
                0x00000000000061bc                _w1_driver_api_list_end = .

wdt_driver_api_area
                0x00000000000061bc        0x0
                0x00000000000061bc                _wdt_driver_api_list_start = .
 *(SORT_BY_NAME(SORT_BY_ALIGNMENT(._wdt_driver_api.static.*)))
                0x00000000000061bc                _wdt_driver_api_list_end = .

can_transceiver_driver_api_area
                0x00000000000061bc        0x0
                0x00000000000061bc                _can_transceiver_driver_api_list_start = .
 *(SORT_BY_NAME(SORT_BY_ALIGNMENT(._can_transceiver_driver_api.static.*)))
                0x00000000000061bc                _can_transceiver_driver_api_list_end = .

nrf_clock_control_driver_api_area
                0x00000000000061bc        0x0
                0x00000000000061bc                _nrf_clock_control_driver_api_list_start = .
 *(SORT_BY_NAME(SORT_BY_ALIGNMENT(._nrf_clock_control_driver_api.static.*)))
                0x00000000000061bc                _nrf_clock_control_driver_api_list_end = .

i3c_target_driver_api_area
                0x00000000000061bc        0x0
                0x00000000000061bc                _i3c_target_driver_api_list_start = .
 *(SORT_BY_NAME(SORT_BY_ALIGNMENT(._i3c_target_driver_api.static.*)))
                0x00000000000061bc                _i3c_target_driver_api_list_end = .

its_driver_api_area
                0x00000000000061bc        0x0
                0x00000000000061bc                _its_driver_api_list_start = .
 *(SORT_BY_NAME(SORT_BY_ALIGNMENT(._its_driver_api.static.*)))
                0x00000000000061bc                _its_driver_api_list_end = .

vtd_driver_api_area
                0x00000000000061bc        0x0
                0x00000000000061bc                _vtd_driver_api_list_start = .
 *(SORT_BY_NAME(SORT_BY_ALIGNMENT(._vtd_driver_api.static.*)))
                0x00000000000061bc                _vtd_driver_api_list_end = .

tgpio_driver_api_area
                0x00000000000061bc        0x0
                0x00000000000061bc                _tgpio_driver_api_list_start = .
 *(SORT_BY_NAME(SORT_BY_ALIGNMENT(._tgpio_driver_api.static.*)))
                0x00000000000061bc                _tgpio_driver_api_list_end = .

pcie_ctrl_driver_api_area
                0x00000000000061bc        0x0
                0x00000000000061bc                _pcie_ctrl_driver_api_list_start = .
 *(SORT_BY_NAME(SORT_BY_ALIGNMENT(._pcie_ctrl_driver_api.static.*)))
                0x00000000000061bc                _pcie_ctrl_driver_api_list_end = .

pcie_ep_driver_api_area
                0x00000000000061bc        0x0
                0x00000000000061bc                _pcie_ep_driver_api_list_start = .
 *(SORT_BY_NAME(SORT_BY_ALIGNMENT(._pcie_ep_driver_api.static.*)))
                0x00000000000061bc                _pcie_ep_driver_api_list_end = .

svc_driver_api_area
                0x00000000000061bc        0x0
                0x00000000000061bc                _svc_driver_api_list_start = .
 *(SORT_BY_NAME(SORT_BY_ALIGNMENT(._svc_driver_api.static.*)))
                0x00000000000061bc                _svc_driver_api_list_end = .

uart_driver_api_area
                0x00000000000061bc        0xc
                0x00000000000061bc                _uart_driver_api_list_start = .
 *(SORT_BY_NAME(SORT_BY_ALIGNMENT(._uart_driver_api.static.*)))
 ._uart_driver_api.static.uart_nrfx_uarte_driver_api_
                0x00000000000061bc        0xc zephyr/drivers/serial/libdrivers__serial.a(uart_nrfx_uarte.c.obj)
                0x00000000000061c8                _uart_driver_api_list_end = .

bc12_emul_driver_api_area
                0x00000000000061c8        0x0
                0x00000000000061c8                _bc12_emul_driver_api_list_start = .
 *(SORT_BY_NAME(SORT_BY_ALIGNMENT(._bc12_emul_driver_api.static.*)))
                0x00000000000061c8                _bc12_emul_driver_api_list_end = .

bc12_driver_api_area
                0x00000000000061c8        0x0
                0x00000000000061c8                _bc12_driver_api_list_start = .
 *(SORT_BY_NAME(SORT_BY_ALIGNMENT(._bc12_driver_api.static.*)))
                0x00000000000061c8                _bc12_driver_api_list_end = .

usbc_ppc_driver_api_area
                0x00000000000061c8        0x0
                0x00000000000061c8                _usbc_ppc_driver_api_list_start = .
 *(SORT_BY_NAME(SORT_BY_ALIGNMENT(._usbc_ppc_driver_api.static.*)))
                0x00000000000061c8                _usbc_ppc_driver_api_list_end = .

tcpc_driver_api_area
                0x00000000000061c8        0x0
                0x00000000000061c8                _tcpc_driver_api_list_start = .
 *(SORT_BY_NAME(SORT_BY_ALIGNMENT(._tcpc_driver_api.static.*)))
                0x00000000000061c8                _tcpc_driver_api_list_end = .

usbc_vbus_driver_api_area
                0x00000000000061c8        0x0
                0x00000000000061c8                _usbc_vbus_driver_api_list_start = .
 *(SORT_BY_NAME(SORT_BY_ALIGNMENT(._usbc_vbus_driver_api.static.*)))
                0x00000000000061c8                _usbc_vbus_driver_api_list_end = .

ivshmem_driver_api_area
                0x00000000000061c8        0x0
                0x00000000000061c8                _ivshmem_driver_api_list_start = .
 *(SORT_BY_NAME(SORT_BY_ALIGNMENT(._ivshmem_driver_api.static.*)))
                0x00000000000061c8                _ivshmem_driver_api_list_end = .

ethphy_driver_api_area
                0x00000000000061c8        0x0
                0x00000000000061c8                _ethphy_driver_api_list_start = .
 *(SORT_BY_NAME(SORT_BY_ALIGNMENT(._ethphy_driver_api.static.*)))
                0x00000000000061c8                _ethphy_driver_api_list_end = .

ztest           0x00000000000061c8        0x0
                0x00000000000061c8                _ztest_expected_result_entry_list_start = .
 *(SORT_BY_NAME(SORT_BY_ALIGNMENT(._ztest_expected_result_entry.static.*)))
                0x00000000000061c8                _ztest_expected_result_entry_list_end = .
                0x00000000000061c8                _ztest_suite_node_list_start = .
 *(SORT_BY_NAME(SORT_BY_ALIGNMENT(._ztest_suite_node.static.*)))
                0x00000000000061c8                _ztest_suite_node_list_end = .
                0x00000000000061c8                _ztest_unit_test_list_start = .
 *(SORT_BY_NAME(SORT_BY_ALIGNMENT(._ztest_unit_test.static.*)))
                0x00000000000061c8                _ztest_unit_test_list_end = .
                0x00000000000061c8                _ztest_test_rule_list_start = .
 *(SORT_BY_NAME(SORT_BY_ALIGNMENT(._ztest_test_rule.static.*)))
                0x00000000000061c8                _ztest_test_rule_list_end = .

init_array      0x00000000000061c8        0x0
 *(SORT_BY_NAME(SORT_BY_ALIGNMENT(.ctors*)))
 *(SORT_BY_NAME(SORT_BY_ALIGNMENT(.init_array*)))
                0x0000000000000001                ASSERT ((SIZEOF (init_array) == 0x0), GNU-style constructors required but STATIC_INIT_GNU not enabled)

bt_l2cap_fixed_chan_area
                0x00000000000061c8        0x0
                0x00000000000061c8                _bt_l2cap_fixed_chan_list_start = .
 *(SORT_BY_NAME(SORT_BY_ALIGNMENT(._bt_l2cap_fixed_chan.static.*)))
                0x00000000000061c8                _bt_l2cap_fixed_chan_list_end = .

bt_gatt_service_static_area
                0x00000000000061c8        0x0
                0x00000000000061c8                _bt_gatt_service_static_list_start = .
 *(SORT_BY_NAME(SORT_BY_ALIGNMENT(._bt_gatt_service_static.static.*)))
                0x00000000000061c8                _bt_gatt_service_static_list_end = .

log_strings_area
                0x00000000000061c8        0x0
                0x00000000000061c8                _log_strings_list_start = .
 *(SORT_BY_NAME(SORT_BY_ALIGNMENT(._log_strings.static.*)))
                0x00000000000061c8                _log_strings_list_end = .

log_stmesp_ptr_area
                0x00000000000061c8        0x0
                0x00000000000061c8                _log_stmesp_ptr_list_start = .
 *(SORT_BY_NAME(SORT_BY_ALIGNMENT(._log_stmesp_ptr.static.*)))
                0x00000000000061c8                _log_stmesp_ptr_list_end = .

log_stmesp_str_area
                0x00000000000061c8        0x0
                0x00000000000061c8                _log_stmesp_str_list_start = .
 *(SORT_BY_NAME(SORT_BY_ALIGNMENT(._log_stmesp_str.static.*)))
                0x00000000000061c8                _log_stmesp_str_list_end = .

log_const_area  0x00000000000061c8        0x0
                0x00000000000061c8                _log_const_list_start = .
 *(SORT_BY_NAME(SORT_BY_ALIGNMENT(._log_const.static.*)))
                0x00000000000061c8                _log_const_list_end = .

log_backend_area
                0x00000000000061c8        0x0
                0x00000000000061c8                _log_backend_list_start = .
 *(SORT_BY_NAME(SORT_BY_ALIGNMENT(._log_backend.static.*)))
                0x00000000000061c8                _log_backend_list_end = .

log_link_area   0x00000000000061c8        0x0
                0x00000000000061c8                _log_link_list_start = .
 *(SORT_BY_NAME(SORT_BY_ALIGNMENT(._log_link.static.*)))
                0x00000000000061c8                _log_link_list_end = .

tracing_backend_area
                0x00000000000061c8        0x0
                0x00000000000061c8                _tracing_backend_list_start = .
 *(SORT_BY_NAME(SORT_BY_ALIGNMENT(._tracing_backend.static.*)))
                0x00000000000061c8                _tracing_backend_list_end = .

zephyr_dbg_info
 *(SORT_BY_ALIGNMENT(.dbg_thread_info))

intc_table_area
                0x00000000000061c8        0x0
                0x00000000000061c8                _intc_table_list_start = .
 *(SORT_BY_NAME(SORT_BY_ALIGNMENT(._intc_table.static.*)))
                0x00000000000061c8                _intc_table_list_end = .

symbol_to_keep  0x00000000000061c8        0x0
                0x00000000000061c8                __symbol_to_keep_start = .
 *(SORT_BY_NAME(SORT_BY_ALIGNMENT(.symbol_to_keep*)))
                0x00000000000061c8                __symbol_to_keep_end = .

shell_area      0x00000000000061c8        0x0
                0x00000000000061c8                _shell_list_start = .
 *(SORT_BY_NAME(SORT_BY_ALIGNMENT(._shell.static.*)))
                0x00000000000061c8                _shell_list_end = .

shell_root_cmds_area
                0x00000000000061c8        0x0
                0x00000000000061c8                _shell_root_cmds_list_start = .
 *(SORT_BY_NAME(SORT_BY_ALIGNMENT(._shell_root_cmds.static.*)))
                0x00000000000061c8                _shell_root_cmds_list_end = .

shell_subcmds_area
                0x00000000000061c8        0x0
                0x00000000000061c8                _shell_subcmds_list_start = .
 *(SORT_BY_NAME(SORT_BY_ALIGNMENT(._shell_subcmds.static.*)))
                0x00000000000061c8                _shell_subcmds_list_end = .

shell_dynamic_subcmds_area
                0x00000000000061c8        0x0
                0x00000000000061c8                _shell_dynamic_subcmds_list_start = .
 *(SORT_BY_NAME(SORT_BY_ALIGNMENT(._shell_dynamic_subcmds.static.*)))
                0x00000000000061c8                _shell_dynamic_subcmds_list_end = .

cfb_font_area   0x00000000000061c8        0x0
                0x00000000000061c8                _cfb_font_list_start = .
 *(SORT_BY_NAME(SORT_BY_ALIGNMENT(._cfb_font.static.*)))
                0x00000000000061c8                _cfb_font_list_end = .

tdata           0x00000000000061c8        0x0
 *(SORT_BY_ALIGNMENT(.tdata) SORT_BY_ALIGNMENT(.tdata.*) SORT_BY_ALIGNMENT(.gnu.linkonce.td.*))

tbss            0x00000000000061c8        0x4
 *(SORT_BY_ALIGNMENT(.tbss) SORT_BY_ALIGNMENT(.tbss.*) SORT_BY_ALIGNMENT(.gnu.linkonce.tb.*) SORT_BY_ALIGNMENT(.tcommon))
 .tbss.z_tls_current
                0x00000000000061c8        0x4 zephyr/libzephyr.a(thread_entry.c.obj)
                0x00000000000061c8                z_tls_current
                0x00000000000061c8                PROVIDE (__tdata_start = LOADADDR (tdata))
                0x0000000000000001                PROVIDE (__tdata_align = ALIGNOF (tdata))
                0x0000000000000000                PROVIDE (__tdata_size = (((SIZEOF (tdata) + __tdata_align) - 0x1) & ~ ((__tdata_align - 0x1))))
                [!provide]                        PROVIDE (__tdata_end = (__tdata_start + __tdata_size))
                0x0000000000000004                PROVIDE (__tbss_align = ALIGNOF (tbss))
                [!provide]                        PROVIDE (__tbss_start = ADDR (tbss))
                0x0000000000000004                PROVIDE (__tbss_size = (((SIZEOF (tbss) + __tbss_align) - 0x1) & ~ ((__tbss_align - 0x1))))